<html>
<body>
<pre>
<h1>µVision Build Log</h1>
<h2>Project:</h2>
F:\charge_part_project\ucosii\TCP.uvproj
Project File Date:  12/15/2017

<h2>Output:</h2>
Build target 'ReleasInFlash'
compiling main.c...
linking...
Program Size: Code=36556 RO-data=15640 RW-data=2184 ZI-data=55364  
FromELF: creating hex file...
".\Out\ReleaseInFlash\LPC1700.axf" - 0 Error(s), 0 Warning(s).
ling PTL104.c...
compiling t6963.c...
compiling fram.c...
compiling FM1702.c...
compiling relay.c...
compiling rs232.c...
compiling dl645a.c...
compiling uart1.c...
linking...
Program Size: Code=36628 RO-data=15640 RW-data=2184 ZI-data=55364  
FromELF: creating hex file...
".\Out\ReleaseInFlash\LPC1700.axf" - 0 Error(s), 0 Warning(s).
enough information to list the image map.
Finished: 2 information, 0 warning and 1 error messages.
".\Out\ReleaseInFlash\LPC1700.axf" - 1 Error(s), 0 Warning(s).
Target not created
n.
* JLink Info: FPUnit: 6 code (BP) slots and 2 literal slots
* JLink Info: TPIU fitted.
* JLink Info: ETM fitted.
ROMTableAddr = 0xE00FF003
 
Target info:
------------
Device: LPC1778
VTarget = 3.333V
State of Pins: 
TCK: 0, TDI: 1, TDO: 0, TMS: 1, TRES: 1, TRST: 1
Hardware-Breakpoints: 6
Software-Breakpoints: 8192
Watchpoints:          4
JTAG speed: 500 kHz
 
Erase Done.
Programming Done.
Verify OK.
Application running ...
cation running ...
"MoudleAPI\t6963\t6963.c" - 0 Error(s), 0 Warning(s).
ister 2 (R2) while CPU is running
***JLink Error: Can not read register 3 (R3) while CPU is running
Erase Done.
Programming Done.
Verify OK.
Application running ...
tings.ini"
* JLink Info: Device "LPC1778" selected (512 KB flash, 64 KB RAM).
 
JLink info:
------------
DLL: V4.90 , compiled Jul 28 2014 10:35:20
Firmware: J-Link V9 compiled Jun  2 2222 22:22:22
Hardware: V9.00
S/N : 30000299 
Feature(s) : GDB, RDI, FlashBP, FlashDL, JFlash, RDDI 
 
* JLink Info: Found SWD-DP with ID 0x2BA01477
* JLink Info: Found Cortex-M3 r2p0, Little endian.
* JLink Info: FPUnit: 6 code (BP) slots and 2 literal slots
* JLink Info: TPIU fitted.
* JLink Info: ETM fitted.
ROMTableAddr = 0xE00FF003
 
Target info:
------------
Device: LPC1778
VTarget = 3.335V
State of Pins: 
TCK: 0, TDI: 1, TDO: 0, TMS: 1, TRES: 1, TRST: 1
Hardware-Breakpoints: 6
Software-Breakpoints: 8192
Watchpoints:          4
JTAG speed: 500 kHz
 
Erase Done.
Programming Done.
Verify OK.
Application running ...
