ARM Linker, 5.03 [Build 76] [MDK-ARM Standard]

==============================================================================

Section Cross References

    main.o(i.DisplayTask) refers to lcd.o(i.dspTimeAndIcon) for dspTimeAndIcon
    main.o(i.DisplayTask) refers to lcd.o(i.dspstandbypage) for dspstandbypage
    main.o(i.DisplayTask) refers to memseta.o(.text) for __aeabi_memclr4
    main.o(i.DisplayTask) refers to lcd.o(i.Display_GUN_Insert) for Display_GUN_Insert
    main.o(i.DisplayTask) refers to lcd.o(i.DisplayChargeInfo) for DisplayChargeInfo
    main.o(i.DisplayTask) refers to lcd.o(i.DisplayChargeEndInfo) for DisplayChargeEndInfo
    main.o(i.DisplayTask) refers to lcd.o(i.DisplayChargeError) for DisplayChargeError
    main.o(i.DisplayTask) refers to os_time.o(i.OSTimeDly) for OSTimeDly
    main.o(i.DisplayTask) refers to main.o(.data) for time_flg
    main.o(i.DisplayTask) refers to global.o(.bss) for Term_Para1
    main.o(i.DisplayTask) refers to lcd.o(.data) for sbhmaskflag
    main.o(i.DisplayTask) refers to ptl104.o(.bss) for sPTL_104_I_DW_JQSJ
    main.o(i.NetTask) refers to w5100.o(i.ISR_Process) for ISR_Process
    main.o(i.NetTask) refers to w5100.o(i.getISR) for getISR
    main.o(i.NetTask) refers to ethernet.o(i.Ethernet_Init) for Ethernet_Init
    main.o(i.NetTask) refers to ethernet.o(i.Ethernet_config) for Ethernet_config
    main.o(i.NetTask) refers to socket.o(i.connect) for connect
    main.o(i.NetTask) refers to ethernet.o(i.Ethrenet_Connecting) for Ethrenet_Connecting
    main.o(i.NetTask) refers to ethernet.o(i.Ethernet_Work) for Ethernet_Work
    main.o(i.NetTask) refers to os_time.o(i.OSTimeDly) for OSTimeDly
    main.o(i.NetTask) refers to main.o(.data) for Ethernet_State
    main.o(i.NetTask) refers to global.o(.bss) for Term_Para1
    main.o(i.RFCardTask) refers to os_time.o(i.OSTimeDly) for OSTimeDly
    main.o(i.Uart485_E_M_Task) refers to rs232.o(i.main_rs232) for main_rs232
    main.o(i.UartCfgTask) refers to uart1.o(i.main_uart1) for main_uart1
    main.o(i.main) refers to hardware_interface.o(i.SSP0_Init) for SSP0_Init
    main.o(i.main) refers to hardware_interface.o(i.SSP1_Init) for SSP1_Init
    main.o(i.main) refers to hardware_interface.o(i.i2c1Init) for i2c1Init
    main.o(i.main) refers to relay.o(i.All_Relay_Init) for All_Relay_Init
    main.o(i.main) refers to rtc.o(i.main_rtc) for main_rtc
    main.o(i.main) refers to os_core.o(i.OSInit) for OSInit
    main.o(i.main) refers to os_task.o(i.OSTaskCreate) for OSTaskCreate
    main.o(i.main) refers to os_core.o(i.OSStart) for OSStart
    main.o(i.main) refers to main.o(.bss) for stkMainTask
    main.o(i.main) refers to main.o(i.mainTask) for mainTask
    main.o(i.mainTask) refers to memseta.o(.text) for __aeabi_memclr4
    main.o(i.mainTask) refers to memmove.o(.text) for __aeabi_memcpy4
    main.o(i.mainTask) refers to global.o(i.GolbalVarInit) for GolbalVarInit
    main.o(i.mainTask) refers to global.o(i.SystemParaInit) for SystemParaInit
    main.o(i.mainTask) refers to qr_encode.o(i.EncodeData) for EncodeData
    main.o(i.mainTask) refers to t6963.o(i.T6963_Init) for T6963_Init
    main.o(i.mainTask) refers to lcd.o(i.dspstandbypage) for dspstandbypage
    main.o(i.mainTask) refers to lpc_adc.o(i.ADCInit) for ADCInit
    main.o(i.mainTask) refers to os_task.o(i.OSTaskCreate) for OSTaskCreate
    main.o(i.mainTask) refers to relay.o(i.pwmDb1Init) for pwmDb1Init
    main.o(i.mainTask) refers to os_time.o(i.OSTimeDly) for OSTimeDly
    main.o(i.mainTask) refers to lpc_adc.o(i.CP_Pin_Dector) for CP_Pin_Dector
    main.o(i.mainTask) refers to charge_station_deal.o(i.Station_Idle_deal) for Station_Idle_deal
    main.o(i.mainTask) refers to charge_station_deal.o(i.Station_Connect_deal) for Station_Connect_deal
    main.o(i.mainTask) refers to charge_station_deal.o(i.Station_Authtic_deal) for Station_Authtic_deal
    main.o(i.mainTask) refers to charge_station_deal.o(i.Station_Charge_deal) for Station_Charge_deal
    main.o(i.mainTask) refers to charge_station_deal.o(i.Station_ChargeEND_deal) for Station_ChargeEND_deal
    main.o(i.mainTask) refers to charge_station_deal.o(i.Station_ChargeError_deal) for Station_ChargeError_deal
    main.o(i.mainTask) refers to main.o(.constdata) for .constdata
    main.o(i.mainTask) refers to main.o(.bss) for stkUartCfgTask
    main.o(i.mainTask) refers to main.o(i.UartCfgTask) for UartCfgTask
    main.o(i.mainTask) refers to main.o(i.NetTask) for NetTask
    main.o(i.mainTask) refers to main.o(i.RFCardTask) for RFCardTask
    main.o(i.mainTask) refers to main.o(i.Uart485_E_M_Task) for Uart485_E_M_Task
    main.o(i.mainTask) refers to main.o(i.DisplayTask) for DisplayTask
    main.o(i.mainTask) refers to main.o(.data) for Station_State
    lcd.o(i.DisplayChargeEndInfo) refers to t6963.o(i.MainDispClr) for MainDispClr
    lcd.o(i.DisplayChargeEndInfo) refers to t6963.o(i.T6963_DisplayCHN16n) for T6963_DisplayCHN16n
[...]
    _printf_llx                              0x00000000   Number         0  stubs.o ABSOLUTE
    _printf_longlong_dec                     0x00000000   Number         0  stubs.o ABSOLUTE
    _printf_longlong_hex                     0x00000000   Number         0  stubs.o ABSOLUTE
    _printf_longlong_oct                     0x00000000   Number         0  stubs.o ABSOLUTE
    _printf_ls                               0x00000000   Number         0  stubs.o ABSOLUTE
    _printf_mbtowc                           0x00000000   Number         0  stubs.o ABSOLUTE
    _printf_n                                0x00000000   Number         0  stubs.o ABSOLUTE
    _printf_o                                0x00000000   Number         0  stubs.o ABSOLUTE
    _printf_p                                0x00000000   Number         0  stubs.o ABSOLUTE
    _printf_percent                          0x00000000   Number         0  stubs.o ABSOLUTE
    _printf_pre_padding                      0x00000000   Number         0  stubs.o ABSOLUTE
    _printf_return_value                     0x00000000   Number         0  stubs.o ABSOLUTE
    _printf_s                                0x00000000   Number         0  stubs.o ABSOLUTE
    _printf_sizespec                         0x00000000   Number         0  stubs.o ABSOLUTE
    _printf_str                              0x00000000   Number         0  stubs.o ABSOLUTE
    _printf_truncate_signed                  0x00000000   Number         0  stubs.o ABSOLUTE
    _printf_truncate_unsigned                0x00000000   Number         0  stubs.o ABSOLUTE
    _printf_u                                0x00000000   Number         0  stubs.o ABSOLUTE
    _printf_wc                               0x00000000   Number         0  stubs.o ABSOLUTE
    _printf_wctomb                           0x00000000   Number         0  stubs.o ABSOLUTE
    _printf_widthprec                        0x00000000   Number         0  stubs.o ABSOLUTE
    _printf_x                                0x00000000   Number         0  stubs.o ABSOLUTE
    __cpp_initialize__aeabi_                  - Undefined Weak Reference
    __cxa_finalize                            - Undefined Weak Reference
    _clock_init                               - Undefined Weak Reference
    _microlib_exit                            - Undefined Weak Reference
    __main                                   0x000000e5   Thumb Code     0  entry.o(.ARM.Collect$$$$00000000)
    _main_stk                                0x000000e5   Thumb Code     0  entry2.o(.ARM.Collect$$$$00000001)
    _main_scatterload                        0x000000e9   Thumb Code     0  entry5.o(.ARM.Collect$$$$00000004)
    __main_after_scatterload                 0x000000ed   Thumb Code     0  entry5.o(.ARM.Collect$$$$00000004)
    _main_clock                              0x000000ed   Thumb Code     0  entry7b.o(.ARM.Collect$$$$00000008)
    _main_cpp_init                           0x000000ed   Thumb Code     0  entry8b.o(.ARM.Collect$$$$0000000A)
    _main_init                               0x000000ed   Thumb Code     0  entry9a.o(.ARM.Collect$$$$0000000B)
    __rt_final_cpp                           0x000000f5   Thumb Code     0  entry10a.o(.ARM.Collect$$$$0000000D)
    __rt_final_exit                          0x000000f5   Thumb Code     0  entry11a.o(.ARM.Collect$$$$0000000F)
    Reset_Handler                            0x000000f9   Thumb Code     8  startup_lpc177x_8x.o(.text)
    NMI_Handler                              0x00000101   Thumb Code     2  startup_lpc177x_8x.o(.text)
    HardFault_Handler                        0x00000103   Thumb Code     2  startup_lpc177x_8x.o(.text)
    MemManage_Handler                        0x00000105   Thumb Code     2  startup_lpc177x_8x.o(.text)
    BusFault_Handler                         0x00000107   Thumb Code     2  startup_lpc177x_8x.o(.text)
    UsageFault_Handler                       0x00000109   Thumb Code     2  startup_lpc177x_8x.o(.text)
    SVC_Handler                              0x0000010b   Thumb Code     2  startup_lpc177x_8x.o(.text)
    DebugMon_Handler                         0x0000010d   Thumb Code     2  startup_lpc177x_8x.o(.text)
    ADC_IRQHandler                           0x00000113   Thumb Code     0  startup_lpc177x_8x.o(.text)
    BOD_IRQHandler                           0x00000113   Thumb Code     0  startup_lpc177x_8x.o(.text)
    CANActivity_IRQHandler                   0x00000113   Thumb Code     0  startup_lpc177x_8x.o(.text)
    CAN_IRQHandler                           0x00000113   Thumb Code     0  startup_lpc177x_8x.o(.text)
    DMA_IRQHandler                           0x00000113   Thumb Code     0  startup_lpc177x_8x.o(.text)
    EINT0_IRQHandler                         0x00000113   Thumb Code     0  startup_lpc177x_8x.o(.text)
    EINT1_IRQHandler                         0x00000113   Thumb Code     0  startup_lpc177x_8x.o(.text)
    EINT2_IRQHandler                         0x00000113   Thumb Code     0  startup_lpc177x_8x.o(.text)
    EINT3_IRQHandler                         0x00000113   Thumb Code     0  startup_lpc177x_8x.o(.text)
    ENET_IRQHandler                          0x00000113   Thumb Code     0  startup_lpc177x_8x.o(.text)
    GPIO_IRQHandler                          0x00000113   Thumb Code     0  startup_lpc177x_8x.o(.text)
    I2C0_IRQHandler                          0x00000113   Thumb Code     0  startup_lpc177x_8x.o(.text)
    I2C2_IRQHandler                          0x00000113   Thumb Code     0  startup_lpc177x_8x.o(.text)
    I2S_IRQHandler                           0x00000113   Thumb Code     0  startup_lpc177x_8x.o(.text)
    KFLASH_IRQHandler                        0x00000113   Thumb Code     0  startup_lpc177x_8x.o(.text)
    LCD_IRQHandler                           0x00000113   Thumb Code     0  startup_lpc177x_8x.o(.text)
    MCI_IRQHandler                           0x00000113   Thumb Code     0  startup_lpc177x_8x.o(.text)
    MCPWM_IRQHandler                         0x00000113   Thumb Code     0  startup_lpc177x_8x.o(.text)
    PLL0_IRQHandler                          0x00000113   Thumb Code     0  startup_lpc177x_8x.o(.text)
    PLL1_IRQHandler                          0x00000113   Thumb Code     0  startup_lpc177x_8x.o(.text)
    PWM0_IRQHandler                          0x00000113   Thumb Code     0  startup_lpc177x_8x.o(.text)
    PWM1_IRQHandler                          0x00000113   Thumb Code     0  startup_lpc177x_8x.o(.text)
    QEI_IRQHandler                           0x00000113   Thumb Code     0  startup_lpc177x_8x.o(.text)
    SPIFI_IRQHandler                         0x00000113   Thumb Code     0  startup_lpc177x_8x.o(.text)
    SSP0_IRQHandler                          0x00000113   Thumb Code     0  startup_lpc177x_8x.o(.text)
    SSP1_IRQHandler                          0x00000113   Thumb Code     0  startup_lpc177x_8x.o(.text)
    SSP2_IRQHandler                          0x00000113   Thumb Code     0  startup_lpc177x_8x.o(.text)
    TIMER0_IRQHandler                        0x00000113   Thumb Code     0  startup_lpc177x_8x.o(.text)
    TIMER1_IRQHandler                        0x00000113   Thumb Code     0  startup_lpc177x_8x.o(.text)
    TIMER2_IRQHandler                        0x00000113   Thumb Code     0  startup_lpc177x_8x.o(.text)
    TIMER3_IRQHandler                        0x00000113   Thumb Code     0  startup_lpc177x_8x.o(.text)
    UART0_IRQHandler                         0x00000113   Thumb Code     0  startup_lpc177x_8x.o(.text)
    UART3_IRQHandler                         0x00000113   Thumb Code     0  startup_lpc177x_8x.o(.text)
    UART4_IRQHandler                         0x00000113   Thumb Code     0  startup_lpc177x_8x.o(.text)
    USBActivity_IRQHandler                   0x00000113   Thumb Code     0  startup_lpc177x_8x.o(.text)
    USB_IRQHandler                           0x00000113   Thumb Code     0  startup_lpc177x_8x.o(.text)
    WDT_IRQHandler                           0x00000113   Thumb Code     0  startup_lpc177x_8x.o(.text)
    ____aeabi_memcpy8$ret$move               0x0000011d   Thumb Code     0  memmove.o(.text)
    ___aeabi_memmove4$ret                    0x0000011d   Thumb Code     0  memmove.o(.text)
    ___aeabi_memmove8$ret                    0x0000011d   Thumb Code     0  memmove.o(.text)
    __aeabi_memcpy                           0x0000011d   Thumb Code    66  memmove.o(.text)
    __aeabi_memcpy4                          0x0000011d   Thumb Code     0  memmove.o(.text)
    __aeabi_memmove                          0x0000011d   Thumb Code     0  memmove.o(.text)
    memcpy                                   0x0000011d   Thumb Code     0  memmove.o(.text)
    memmove                                  0x0000011d   Thumb Code     0  memmove.o(.text)
    __aeabi_memset                           0x0000015f   Thumb Code    14  memseta.o(.text)
    __aeabi_memset4                          0x0000015f   Thumb Code     0  memseta.o(.text)
    __aeabi_memset8                          0x0000015f   Thumb Code     0  memseta.o(.text)
    __aeabi_memclr                           0x0000016d   Thumb Code     4  memseta.o(.text)
    __aeabi_memclr4                          0x0000016d   Thumb Code     0  memseta.o(.text)
    __aeabi_memclr8                          0x0000016d   Thumb Code     0  memseta.o(.text)
    _memset$wrapper                          0x00000171   Thumb Code    18  memseta.o(.text)
    strlen                                   0x00000183   Thumb Code    14  strlen.o(.text)
    __aeabi_fadd                             0x00000191   Thumb Code   164  fadd.o(.text)
    __aeabi_fsub                             0x00000235   Thumb Code     6  fadd.o(.text)
    __aeabi_frsub                            0x0000023b   Thumb Code     6  fadd.o(.text)
    __aeabi_fdiv                             0x00000241   Thumb Code   128  fdiv.o(.text)
    __aeabi_ui2f                             0x000002c1   Thumb Code    10  ffltui.o(.text)
    __aeabi_f2uiz                            0x000002cb   Thumb Code    40  ffixui.o(.text)
    __I$use$fp                               0x000002f3   Thumb Code     0  iusefp.o(.text)
    __aeabi_uidiv                            0x00000301   Thumb Code     0  uidiv.o(.text)
    __aeabi_uidivmod                         0x00000301   Thumb Code    44  uidiv.o(.text)
    _float_round                             0x0000032d   Thumb Code    18  fepilogue.o(.text)
    _float_epilogue                          0x0000033f   Thumb Code    90  fepilogue.o(.text)
    __scatterload                            0x00000399   Thumb Code    28  init.o(.text)
    __scatterload_rt2                        0x00000399   Thumb Code     0  init.o(.text)
    __decompress                             0x000003bd   Thumb Code     0  __dczerorl2.o(.text)
    __decompress1                            0x000003bd   Thumb Code    92  __dczerorl2.o(.text)
    OS_ENTER_CRITICAL                        0x00000419   Thumb Code     0  os_cpu_a.o(UCOSII_ASM)
    OS_EXIT_CRITICAL                         0x0000042b   Thumb Code     0  os_cpu_a.o(UCOSII_ASM)
    OSStartHighRdy                           0x00000445   Thumb Code     0  os_cpu_a.o(UCOSII_ASM)
    OSCtxSw                                  0x00000467   Thumb Code     0  os_cpu_a.o(UCOSII_ASM)
    OSIntCtxSw                               0x00000475   Thumb Code     0  os_cpu_a.o(UCOSII_ASM)
    PendSV_Handler                           0x00000485   Thumb Code     0  os_cpu_a.o(UCOSII_ASM)
    intDisAll                                0x000004df   Thumb Code     0  os_cpu_a.o(UCOSII_ASM)
    AD0_IN5_Value                            0x0000050d   Thumb Code    58  lpc_adc.o(i.AD0_IN5_Value)
    ADCInit                                  0x00000549   Thumb Code    74  lpc_adc.o(i.ADCInit)
    ADCRead                                  0x000005a9   Thumb Code    58  lpc_adc.o(i.ADCRead)
    ADC_GetStat                              0x000005e9   Thumb Code    18  lpc_adc.o(i.ADC_GetStat)
    ADC_Start                                0x00000601   Thumb Code    26  lpc_adc.o(i.ADC_Start)
    All_Relay_Init                           0x00000621   Thumb Code   484  relay.o(i.All_Relay_Init)
    AlphabetToBinaly                         0x00000809   Thumb Code   102  qr_encode.o(i.AlphabetToBinaly)
    Answer_R_Call                            0x0000086f   Thumb Code    32  ethernet.o(i.Answer_R_Call)
    Authtic_Deal_With                        0x00000891   Thumb Code   154  ethernet.o(i.Authtic_Deal_With)
    CP_Pin_Dector                            0x00000949   Thumb Code   288  lpc_adc.o(i.CP_Pin_Dector)
    ChargeStrategyMeterKwh                   0x00000a7d   Thumb Code   776  rs232.o(i.ChargeStrategyMeterKwh)
    Charge_State_Ack                         0x00000dc5   Thumb Code    68  ethernet.o(i.Charge_State_Ack)
    Charge_State_Update                      0x00000e0d   Thumb Code   150  ethernet.o(i.Charge_State_Update)
    CheckSum0904                             0x00000eb9   Thumb Code   122  rs232.o(i.CheckSum0904)
    ClearDataBuffer                          0x00000f35   Thumb Code    32  rs232.o(i.ClearDataBuffer)
    CommandProcess                           0x00000f61   Thumb Code   232  uart1.o(i.CommandProcess)
    CountPenalty                             0x00001059   Thumb Code  1304  qr_encode.o(i.CountPenalty)
    DisplayChargeEndInfo                     0x0000159d   Thumb Code   252  lcd.o(i.DisplayChargeEndInfo)
    DisplayChargeError                       0x000016c1   Thumb Code     2  lcd.o(i.DisplayChargeError)
    DisplayChargeInfo                        0x000016c5   Thumb Code   534  lcd.o(i.DisplayChargeInfo)
    DisplayOpenButton                        0x00001911   Thumb Code    28  lcd.o(i.DisplayOpenButton)
    DisplayTask                              0x00001935   Thumb Code   156  main.o(i.DisplayTask)
    Display_GUN_Insert                       0x000019f5   Thumb Code    90  lcd.o(i.Display_GUN_Insert)
    DspJQFHerr                               0x00001a61   Thumb Code    42  lcd.o(i.DspJQFHerr)
    EncodeData                               0x00001a8d   Thumb Code   802  qr_encode.o(i.EncodeData)
    EncodeSourceData                         0x00001dd9   Thumb Code  1940  qr_encode.o(i.EncodeSourceData)
    Ethernet_Init                            0x00002591   Thumb Code    22  ethernet.o(i.Ethernet_Init)
    Ethernet_Work                            0x000025b1   Thumb Code   462  ethernet.o(i.Ethernet_Work)
    Ethernet_config                          0x000027ad   Thumb Code   114  ethernet.o(i.Ethernet_config)
    Ethrenet_Connecting                      0x00002825   Thumb Code   166  ethernet.o(i.Ethrenet_Connecting)
    ExRTCInit                                0x000028e1   Thumb Code    64  rtc.o(i.ExRTCInit)
    ExRTCSet                                 0x00002925   Thumb Code    38  rtc.o(i.ExRTCSet)
    F104_INF_PACK                            0x0000294b   Thumb Code   202  ptl104.o(i.F104_INF_PACK)
    F104_JFCLCDQK_UP_PACK                    0x00002a15   Thumb Code    90  ptl104.o(i.F104_JFCLCDQK_UP_PACK)
    F104_LOGIN_PACK                          0x00002a79   Thumb Code    90  ptl104.o(i.F104_LOGIN_PACK)
    F104_ZXSJSJ_PACK                         0x00002ad9   Thumb Code   608  ptl104.o(i.F104_ZXSJSJ_PACK)
    F104_ZZHSJ_PACK                          0x00002d45   Thumb Code   230  ptl104.o(i.F104_ZZHSJ_PACK)
    FMReadByte                               0x00002e35   Thumb Code    72  fm1702.o(i.FMReadByte)
    FMSendByte                               0x00002e81   Thumb Code    32  fm1702.o(i.FMSendByte)
    FRAMRead                                 0x00002ea5   Thumb Code   108  fram.o(i.FRAMRead)
    FRAMWrite                                0x00002f15   Thumb Code   200  fram.o(i.FRAMWrite)
    FSMC_ReadStatus                          0x00002fe1   Thumb Code   212  t6963.o(i.FSMC_ReadStatus)
    FSMC_WriteCMD                            0x000030b9   Thumb Code   224  t6963.o(i.FSMC_WriteCMD)
    FSMC_WriteData                           0x0000319d   Thumb Code   224  t6963.o(i.FSMC_WriteData)
    FormatModule                             0x00003281   Thumb Code   174  qr_encode.o(i.FormatModule)
    FramState                                0x0000333d   Thumb Code    74  fram.o(i.FramState)
    FrameCheck_645_2007                      0x0000338d   Thumb Code   310  dl645a.o(i.FrameCheck_645_2007)
    FramePack_645_2007                       0x000034c3   Thumb Code   178  dl645a.o(i.FramePack_645_2007)
    GPIO_ClearValue                          0x00003575   Thumb Code    20  lpc177x_8x_gpio.o(i.GPIO_ClearValue)
    GPIO_OutputValue                         0x000035c1   Thumb Code    30  lpc177x_8x_gpio.o(i.GPIO_OutputValue)
    GPIO_SetDir                              0x000035df   Thumb Code    40  lpc177x_8x_gpio.o(i.GPIO_SetDir)
    GPIO_SetValue                            0x00003607   Thumb Code    20  lpc177x_8x_gpio.o(i.GPIO_SetValue)
    GetBitLength                             0x0000361d   Thumb Code   148  qr_encode.o(i.GetBitLength)
    GetEncodeVersion                         0x000036c1   Thumb Code   242  qr_encode.o(i.GetEncodeVersion)
    GetRSCodeWord                            0x000037c1   Thumb Code   124  qr_encode.o(i.GetRSCodeWord)
    GolbalVarInit                            0x00003849   Thumb Code     2  global.o(i.GolbalVarInit)
    I2C1_IRQHandler                          0x0000384d   Thumb Code   506  it_isr.o(i.I2C1_IRQHandler)
    I2C_ReadNByte                            0x00003a69   Thumb Code   126  hardware_interface.o(i.I2C_ReadNByte)
    I2C_WriteNByte                           0x00003b09   Thumb Code   120  hardware_interface.o(i.I2C_WriteNByte)
    IINCHIP_READ                             0x00003ba1   Thumb Code    92  w5100.o(i.IINCHIP_READ)
    IINCHIP_WRITE                            0x00003c01   Thumb Code    82  w5100.o(i.IINCHIP_WRITE)
    ISR_Process                              0x00003c59   Thumb Code   178  w5100.o(i.ISR_Process)
    IsAlphabetData                           0x00003d11   Thumb Code    70  qr_encode.o(i.IsAlphabetData)
    IsKanjiData                              0x00003d57   Thumb Code    50  qr_encode.o(i.IsKanjiData)
    IsNumeralData                            0x00003d89   Thumb Code    18  qr_encode.o(i.IsNumeralData)
    KanjiToBinaly                            0x00003d9b   Thumb Code    46  qr_encode.o(i.KanjiToBinaly)
    MainDispClr                              0x00003dc9   Thumb Code    56  t6963.o(i.MainDispClr)
    MeterParaInit                            0x00003e01   Thumb Code   194  rs232.o(i.MeterParaInit)
    NetTask                                  0x00003ed1   Thumb Code   234  main.o(i.NetTask)
    OSInit                                   0x00003fcd   Thumb Code    48  os_core.o(i.OSInit)
    OSInitHookBegin                          0x00003ffd   Thumb Code     2  os_cpu_c.o(i.OSInitHookBegin)
    OSInitHookEnd                            0x00003fff   Thumb Code     2  os_cpu_c.o(i.OSInitHookEnd)
    OSIntExit                                0x00004001   Thumb Code   124  os_core.o(i.OSIntExit)
    OSStart                                  0x000040ad   Thumb Code    68  os_core.o(i.OSStart)
    OSTCBInitHook                            0x00004115   Thumb Code     2  os_cpu_c.o(i.OSTCBInitHook)
    OSTaskCreate                             0x00004119   Thumb Code   146  os_task.o(i.OSTaskCreate)
    OSTaskCreateExt                          0x000041b9   Thumb Code   176  os_task.o(i.OSTaskCreateExt)
    OSTaskCreateHook                         0x00004275   Thumb Code     2  os_cpu_c.o(i.OSTaskCreateHook)
    OSTaskIdleHook                           0x00004277   Thumb Code     2  os_cpu_c.o(i.OSTaskIdleHook)
    OSTaskStatHook                           0x00004279   Thumb Code     2  os_cpu_c.o(i.OSTaskStatHook)
    OSTaskStkInit                            0x0000427b   Thumb Code   154  os_cpu_c.o(i.OSTaskStkInit)
    OSTaskSwHook                             0x00004315   Thumb Code     2  os_cpu_c.o(i.OSTaskSwHook)
    OSTimeDly                                0x00004319   Thumb Code    82  os_time.o(i.OSTimeDly)
    OSTimeTick                               0x00004379   Thumb Code   128  os_core.o(i.OSTimeTick)
    OSTimeTickHook                           0x0000440d   Thumb Code     2  os_cpu_c.o(i.OSTimeTickHook)
    OS_FlagInit                              0x00004411   Thumb Code    42  os_flag.o(i.OS_FlagInit)
    OS_MemInit                               0x000045d5   Thumb Code    60  os_mem.o(i.OS_MemInit)
    OS_QInit                                 0x00004619   Thumb Code    38  os_q.o(i.OS_QInit)
    OS_Sched                                 0x00004649   Thumb Code    88  os_core.o(i.OS_Sched)
    OS_TCBInit                               0x000046c9   Thumb Code   218  os_core.o(i.OS_TCBInit)
    OS_TaskIdle                              0x000047bd   Thumb Code    28  os_core.o(i.OS_TaskIdle)
    OS_TaskStat                              0x000047dd   Thumb Code   116  os_core.o(i.OS_TaskStat)
    PCF8563_INT_State                        0x00004865   Thumb Code   130  pcf8563.o(i.PCF8563_INT_State)
    PCF8563_Read                             0x000048e7   Thumb Code   282  pcf8563.o(i.PCF8563_Read)
    PCF8563_SS                               0x00004a01   Thumb Code    36  pcf8563.o(i.PCF8563_SS)
    PCF8563_Set                              0x00004a25   Thumb Code   292  pcf8563.o(i.PCF8563_Set)
    PCF8563_Set_Timer                        0x00004b49   Thumb Code    32  pcf8563.o(i.PCF8563_Set_Timer)
    PTL104DataAnalysis                       0x00004b69   Thumb Code   350  ethernet.o(i.PTL104DataAnalysis)
    PTL104_JQXXWithOrderAndLogicNumber_unpack 0x00004cd5   Thumb Code   246  ptl104.o(i.PTL104_JQXXWithOrderAndLogicNumber_unpack)
    PTL104_JQXXWithOrder_unpack              0x00004dd5   Thumb Code   208  ptl104.o(i.PTL104_JQXXWithOrder_unpack)
    PTL104_KKXX_With_LogicNumber_unpack      0x00004ea9   Thumb Code   224  ptl104.o(i.PTL104_KKXX_With_LogicNumber_unpack)
    Packet_Send_232Frame                     0x00004f8d   Thumb Code   102  uart1.o(i.Packet_Send_232Frame)
    Packet_Send_GateWay                      0x00004ffd   Thumb Code    14  uart1.o(i.Packet_Send_GateWay)
    Packet_Send_Maching_No                   0x00005011   Thumb Code    14  uart1.o(i.Packet_Send_Maching_No)
    Packet_Send_Pile_No                      0x00005025   Thumb Code    14  uart1.o(i.Packet_Send_Pile_No)
    Packet_Send_SelfIP                       0x00005039   Thumb Code    14  uart1.o(i.Packet_Send_SelfIP)
    Packet_Send_SelfMAC                      0x0000504d   Thumb Code    14  uart1.o(i.Packet_Send_SelfMAC)
    Packet_Send_SelfMASK                     0x00005061   Thumb Code    14  uart1.o(i.Packet_Send_SelfMASK)
    Packet_Send_ServerIP                     0x00005075   Thumb Code    14  uart1.o(i.Packet_Send_ServerIP)
    PayForDile                               0x00005089   Thumb Code    12  ethernet.o(i.PayForDile)
    RFCardTask                               0x00005099   Thumb Code    12  main.o(i.RFCardTask)
    RTC_IRQHandler                           0x000050a5   Thumb Code    80  it_isr.o(i.RTC_IRQHandler)
    R_Call_Ack                               0x00005105   Thumb Code    56  ethernet.o(i.R_Call_Ack)
    R_Call_Over                              0x00005145   Thumb Code    56  ethernet.o(i.R_Call_Over)
    RemoteCtrlFrameDeal                      0x00005185   Thumb Code    84  ethernet.o(i.RemoteCtrlFrameDeal)
    Reset_GateWay                            0x000051ed   Thumb Code    32  uart1.o(i.Reset_GateWay)
    Reset_Maching_No                         0x00005215   Thumb Code    30  uart1.o(i.Reset_Maching_No)
    Reset_Pile_No                            0x0000523d   Thumb Code    30  uart1.o(i.Reset_Pile_No)
    Reset_SelfIP                             0x00005265   Thumb Code    32  uart1.o(i.Reset_SelfIP)
    Reset_SelfMAC                            0x0000528d   Thumb Code    36  uart1.o(i.Reset_SelfMAC)
    Reset_SelfMASK                           0x000052b9   Thumb Code    30  uart1.o(i.Reset_SelfMASK)
    Reset_ServerIP                           0x000052e1   Thumb Code    44  uart1.o(i.Reset_ServerIP)
    SET_CHG_JSSJ                             0x00005315   Thumb Code   258  ptl104.o(i.SET_CHG_JSSJ)
    SET_CHG_KSSJ                             0x00005425   Thumb Code   258  ptl104.o(i.SET_CHG_KSSJ)
    SET_JFCLSJ                               0x00005535   Thumb Code   172  ptl104.o(i.SET_JFCLSJ)
    SET_ZXTZSJ                               0x000055f5   Thumb Code   174  ptl104.o(i.SET_ZXTZSJ)
    SSP0_Init                                0x000056b5   Thumb Code   144  hardware_interface.o(i.SSP0_Init)
    SSP1_Init                                0x0000575d   Thumb Code   144  hardware_interface.o(i.SSP1_Init)
    SSP_Hardeare_ReceiveData                 0x00005805   Thumb Code    60  hardware_interface.o(i.SSP_Hardeare_ReceiveData)
    SSP_Hardeare_SendData                    0x00005841   Thumb Code    26  hardware_interface.o(i.SSP_Hardeare_SendData)
    SaveZXJYLSH                              0x0000585d   Thumb Code    22  ptl104.o(i.SaveZXJYLSH)
    Save_Charge_Strategy                     0x00005879   Thumb Code     2  ethernet.o(i.Save_Charge_Strategy)
    SendRemoteCtrlAsk                        0x0000587d   Thumb Code    72  ethernet.o(i.SendRemoteCtrlAsk)
    SendResetSucessFrame                     0x000058cd   Thumb Code   118  uart1.o(i.SendResetSucessFrame)
    Sent_Heart_Frame                         0x0000594d   Thumb Code    22  ethernet.o(i.Sent_Heart_Frame)
    Sent_Login_Frame                         0x0000596d   Thumb Code    34  ethernet.o(i.Sent_Login_Frame)
    Sent_OnlineChargeInfo_Frame              0x0000598f   Thumb Code    70  ethernet.o(i.Sent_OnlineChargeInfo_Frame)
    Sent_RACTIVE                             0x000059d5   Thumb Code    22  ethernet.o(i.Sent_RACTIVE)
    Sent_Rsettime                            0x000059f5   Thumb Code    56  ethernet.o(i.Sent_Rsettime)
    Sent_S_Ack                               0x00005a35   Thumb Code    56  ethernet.o(i.Sent_S_Ack)
    Sent_StrateChargeInfo_Frame              0x00005a75   Thumb Code    72  ethernet.o(i.Sent_StrateChargeInfo_Frame)
    SetAlignmentPattern                      0x00005ac1   Thumb Code    86  qr_encode.o(i.SetAlignmentPattern)
    SetBitStream                             0x00005b21   Thumb Code   112  qr_encode.o(i.SetBitStream)
    SetCodeWordPattern                       0x00005b95   Thumb Code   142  qr_encode.o(i.SetCodeWordPattern)
    SetFinderPattern                         0x00005c35   Thumb Code    64  qr_encode.o(i.SetFinderPattern)
    SetFormatInfoPattern                     0x00005c7d   Thumb Code   298  qr_encode.o(i.SetFormatInfoPattern)
    SetFunctionModule                        0x00005db9   Thumb Code   440  qr_encode.o(i.SetFunctionModule)
    SetMaskingPattern                        0x00005f85   Thumb Code   404  qr_encode.o(i.SetMaskingPattern)
    SetVersionPattern                        0x00006121   Thumb Code   140  qr_encode.o(i.SetVersionPattern)
    Set_Sys_Time                             0x000061b9   Thumb Code    88  ethernet.o(i.Set_Sys_Time)
    Station_Authtic_deal                     0x00006219   Thumb Code    44  charge_station_deal.o(i.Station_Authtic_deal)
    Station_ChargeEND_deal                   0x00006255   Thumb Code     2  charge_station_deal.o(i.Station_ChargeEND_deal)
    Station_ChargeError_deal                 0x00006257   Thumb Code     2  charge_station_deal.o(i.Station_ChargeError_deal)
    Station_Charge_deal                      0x00006259   Thumb Code   120  charge_station_deal.o(i.Station_Charge_deal)
    Station_Connect_deal                     0x000062e5   Thumb Code    24  charge_station_deal.o(i.Station_Connect_deal)
    Station_Idle_deal                        0x00006305   Thumb Code    60  charge_station_deal.o(i.Station_Idle_deal)
    SysTick_Handler                          0x00006349   Thumb Code    30  os_cpu_c.o(i.SysTick_Handler)
    SystemInit                               0x0000636d   Thumb Code   172  system_lpc177x_8x.o(i.SystemInit)
    SystemParaInit                           0x00006455   Thumb Code   450  global.o(i.SystemParaInit)
    T6963_AutoWrite                          0x00006659   Thumb Code    26  t6963.o(i.T6963_AutoWrite)
    T6963_DispPic                            0x00006673   Thumb Code    68  t6963.o(i.T6963_DispPic)
    T6963_DispQR_Code                        0x000066b9   Thumb Code   298  t6963.o(i.T6963_DispQR_Code)
    T6963_DisplayCHN16n                      0x000067ed   Thumb Code   100  t6963.o(i.T6963_DisplayCHN16n)
    T6963_DisplayCHN16nA                     0x00006851   Thumb Code    92  t6963.o(i.T6963_DisplayCHN16nA)
    T6963_DisplayCHN24n                      0x000068ad   Thumb Code   102  t6963.o(i.T6963_DisplayCHN24n)
    T6963_DisplayEng16                       0x00006915   Thumb Code   164  t6963.o(i.T6963_DisplayEng16)
    T6963_DisplayEng16A                      0x000069bd   Thumb Code   154  t6963.o(i.T6963_DisplayEng16A)
    T6963_Init                               0x00006a5d   Thumb Code   192  t6963.o(i.T6963_Init)
    T6963_LCDClear                           0x00006b21   Thumb Code    44  t6963.o(i.T6963_LCDClear)
    T6963_LCDReset                           0x00006b4d   Thumb Code    88  t6963.o(i.T6963_LCDReset)
    T6963_Line                               0x00006ba9   Thumb Code   232  t6963.o(i.T6963_Line)
    T6963_SetAddressPointer                  0x00006ca3   Thumb Code    36  t6963.o(i.T6963_SetAddressPointer)
    T6963_SetBit                             0x00006cc7   Thumb Code    14  t6963.o(i.T6963_SetBit)
    T6963_WriteDispData                      0x00006d25   Thumb Code    14  t6963.o(i.T6963_WriteDispData)
    Turn_QR_Code                             0x00006d35   Thumb Code   308  lcd.o(i.Turn_QR_Code)
    UART1Init                                0x00006e71   Thumb Code   164  uart1.o(i.UART1Init)
    UART1RxbufClear                          0x00006f2d   Thumb Code    36  uart1.o(i.UART1RxbufClear)
    UART1SendByte                            0x00006f5d   Thumb Code    18  uart1.o(i.UART1SendByte)
    UART1SendStr                             0x00006f75   Thumb Code    30  uart1.o(i.UART1SendStr)
    UART1_IRQHandler                         0x00006f95   Thumb Code   290  uart1.o(i.UART1_IRQHandler)
    UART2_IRQHandler                         0x000070cd   Thumb Code   284  rs232.o(i.UART2_IRQHandler)
    Uart2RxbufClear                          0x000071fd   Thumb Code    24  rs232.o(i.Uart2RxbufClear)
    Uart485_E_M_Task                         0x00007221   Thumb Code    12  main.o(i.Uart485_E_M_Task)
    UartCfgTask                              0x0000722d   Thumb Code    12  main.o(i.UartCfgTask)
    Wait_I2c_End                             0x00007239   Thumb Code    48  hardware_interface.o(i.Wait_I2c_End)
    __0sprintf$6                             0x0000726d   Thumb Code    34  printf6.o(i.__0sprintf$6)
    __1sprintf$6                             0x0000726d   Thumb Code     0  printf6.o(i.__0sprintf$6)
    __2sprintf                               0x0000726d   Thumb Code     0  printf6.o(i.__0sprintf$6)
    __scatterload_copy                       0x00007295   Thumb Code    14  handlers.o(i.__scatterload_copy)
    __scatterload_null                       0x000072a3   Thumb Code     2  handlers.o(i.__scatterload_null)
    __scatterload_zeroinit                   0x000072a5   Thumb Code    14  handlers.o(i.__scatterload_zeroinit)
    applySUBR                                0x00007609   Thumb Code    44  w5100.o(i.applySUBR)
    bcdtwo2bcdone                            0x00007639   Thumb Code   106  lcd.o(i.bcdtwo2bcdone)
    byte2bcd                                 0x000076a3   Thumb Code   106  lcd.o(i.byte2bcd)
    clearSUBR                                0x0000770d   Thumb Code    66  w5100.o(i.clearSUBR)
    close                                    0x00007755   Thumb Code    64  socket.o(i.close)
    connect                                  0x00007795   Thumb Code   206  socket.o(i.connect)
    dbcd2hex16                               0x00007863   Thumb Code    50  ptl104.o(i.dbcd2hex16)
    ddelay                                   0x00007895   Thumb Code    32  fm1702.o(i.ddelay)
    dspQR_Code                               0x000078b5   Thumb Code    68  lcd.o(i.dspQR_Code)
    dspTermSn                                0x000078f9   Thumb Code   114  lcd.o(i.dspTermSn)
    dspTimeAndIcon                           0x00007981   Thumb Code   346  lcd.o(i.dspTimeAndIcon)
    dspdatchg                                0x00007b21   Thumb Code   138  t6963.o(i.dspdatchg)
    dspdelzero                               0x00007bab   Thumb Code    70  t6963.o(i.dspdelzero)
    dspstandbypage                           0x00007bf1   Thumb Code    28  lcd.o(i.dspstandbypage)
    getGAR                                   0x00007c1d   Thumb Code    38  w5100.o(i.getGAR)
    getIINCHIP_RxBASE                        0x00007c45   Thumb Code    10  w5100.o(i.getIINCHIP_RxBASE)
    getIINCHIP_RxMASK                        0x00007c55   Thumb Code    10  w5100.o(i.getIINCHIP_RxMASK)
    getIINCHIP_RxMAX                         0x00007c65   Thumb Code    10  w5100.o(i.getIINCHIP_RxMAX)
    getIINCHIP_TxBASE                        0x00007c75   Thumb Code    10  w5100.o(i.getIINCHIP_TxBASE)
    getIINCHIP_TxMASK                        0x00007c85   Thumb Code    10  w5100.o(i.getIINCHIP_TxMASK)
    getIINCHIP_TxMAX                         0x00007c95   Thumb Code    10  w5100.o(i.getIINCHIP_TxMAX)
    getISR                                   0x00007ca5   Thumb Code     8  w5100.o(i.getISR)
    getSIPR                                  0x00007cb1   Thumb Code    38  w5100.o(i.getSIPR)
    getSn_RX_RSR                             0x00007cd7   Thumb Code   100  w5100.o(i.getSn_RX_RSR)
    getSn_SR                                 0x00007d3b   Thumb Code    22  w5100.o(i.getSn_SR)
    getSn_TX_FSR                             0x00007d51   Thumb Code   100  w5100.o(i.getSn_TX_FSR)
    hex2bcd                                  0x00007db5   Thumb Code    30  lcd.o(i.hex2bcd)
    i2c1Init                                 0x00007dd5   Thumb Code   140  hardware_interface.o(i.i2c1Init)
    iinchip_init                             0x00007e81   Thumb Code    20  w5100.o(i.iinchip_init)
    main                                     0x00007e95   Thumb Code    48  main.o(i.main)
    mainTask                                 0x00007ed1   Thumb Code   238  main.o(i.mainTask)
    main_rs232                               0x00008031   Thumb Code   858  rs232.o(i.main_rs232)
    main_rtc                                 0x000083bd   Thumb Code    88  rtc.o(i.main_rtc)
    main_uart1                               0x00008419   Thumb Code    82  uart1.o(i.main_uart1)
    ndbcdstr2u32                             0x00008479   Thumb Code    60  rs232.o(i.ndbcdstr2u32)
    putISR                                   0x000084b5   Thumb Code     6  w5100.o(i.putISR)
    pwmDb1Init                               0x000084c1   Thumb Code   182  relay.o(i.pwmDb1Init)
    read_data                                0x00008591   Thumb Code   108  w5100.o(i.read_data)
    recv                                     0x000085fd   Thumb Code    74  socket.o(i.recv)
    recv_data_processing                     0x00008647   Thumb Code   106  w5100.o(i.recv_data_processing)
    rtcInit                                  0x000086b1   Thumb Code   212  rtc.o(i.rtcInit)
    send                                     0x000087a9   Thumb Code   200  socket.o(i.send)
    send_data_processing                     0x00008871   Thumb Code   106  w5100.o(i.send_data_processing)
    setGAR                                   0x000088db   Thumb Code    38  w5100.o(i.setGAR)
    setIMR                                   0x00008901   Thumb Code    14  w5100.o(i.setIMR)
    setMR                                    0x0000890f   Thumb Code    14  w5100.o(i.setMR)
    setRCR                                   0x0000891d   Thumb Code    14  w5100.o(i.setRCR)
    setRTR                                   0x0000892b   Thumb Code    22  w5100.o(i.setRTR)
    setSHAR                                  0x00008941   Thumb Code    54  w5100.o(i.setSHAR)
    setSIPR                                  0x00008977   Thumb Code    38  w5100.o(i.setSIPR)
    setSUBR                                  0x0000899d   Thumb Code    28  w5100.o(i.setSUBR)
    setSn_DIPR                               0x000089bd   Thumb Code    80  w5100.o(i.setSn_DIPR)
    socket                                   0x00008a0d   Thumb Code   200  socket.o(i.socket)
    sysTickInit                              0x00008ad9   Thumb Code    82  os_cpu_c.o(i.sysTickInit)
    sysinit                                  0x00008b39   Thumb Code   372  w5100.o(i.sysinit)
    u8to2bcd                                 0x00008cc5   Thumb Code    14  lcd.o(i.u8to2bcd)
    uart2Init                                0x00008cd5   Thumb Code   166  rs232.o(i.uart2Init)
    uart2SendByte                            0x00008d95   Thumb Code    18  rs232.o(i.uart2SendByte)
    uart2SendStr                             0x00008dad   Thumb Code    86  rs232.o(i.uart2SendStr)
    uint32tobcd                              0x00008e09   Thumb Code    42  lcd.o(i.uint32tobcd)
    wiz_read_buf                             0x00008e35   Thumb Code   108  w5100.o(i.wiz_read_buf)
    wiz_write_buf                            0x00008ea5   Thumb Code   148  w5100.o(i.wiz_write_buf)
    write_data                               0x00008f3d   Thumb Code   102  w5100.o(i.write_data)
    wtdat2fio2pin0                           0x00008fa5   Thumb Code     6  t6963.o(i.wtdat2fio2pin0)
    softVer                                  0x00008fb0   Data           4  main.o(.constdata)
    gImage_TPstandby                         0x00008fdc   Data        3846  lcd.o(.constdata)
    dsp_wlfh                                 0x00009ee2   Data          32  lcd.o(.constdata)
    dsp_gprs                                 0x00009f02   Data         128  lcd.o(.constdata)
    dsp_wifi                                 0x00009f82   Data         128  lcd.o(.constdata)
    dsp_crcdq                                0x0000a002   Data         480  lcd.o(.constdata)
    dsp_qzzz                                 0x0000a1e2   Data         432  lcd.o(.constdata)
    dsp_xkjtcqcd                             0x0000a392   Data         576  lcd.o(.constdata)
    dsp_ddkkqsd                              0x0000a5d2   Data         504  lcd.o(.constdata)
    dsp_cdtz_err5                            0x0000a7ca   Data         432  lcd.o(.constdata)
    dsp_cdtz_err2                            0x0000a97a   Data         360  lcd.o(.constdata)
    dsp_cdtz_err1                            0x0000aae2   Data         360  lcd.o(.constdata)
    dsp_jccqsb_err1                          0x0000ac4a   Data         432  lcd.o(.constdata)
    dsp_sbh                                  0x0000adfa   Data          96  lcd.o(.constdata)
    dsp_wlzx                                 0x0000ae5a   Data          32  lcd.o(.constdata)
    dsp_blank                                0x0000ae7a   Data          32  lcd.o(.constdata)
    dsp_xxtd                                 0x0000ae9a   Data          32  lcd.o(.constdata)
    dsp_oooo                                 0x0000aeba   Data          32  lcd.o(.constdata)
    dsp_xxxx                                 0x0000aeda   Data          32  lcd.o(.constdata)
    dsp_zzcdz                                0x0000aefa   Data         160  lcd.o(.constdata)
    dsp_ts                                   0x0000af9a   Data          64  lcd.o(.constdata)
    dsp_gz                                   0x0000afda   Data          64  lcd.o(.constdata)
    dsp_zhje                                 0x0000b01a   Data         128  lcd.o(.constdata)
    dsp_zhze                                 0x0000b09a   Data          64  lcd.o(.constdata)
    dsp_kkje                                 0x0000b0da   Data         128  lcd.o(.constdata)
    dsp_dyjdxdl                              0x0000b15a   Data         504  lcd.o(.constdata)
    dsp_update                               0x0000b352   Data         160  lcd.o(.constdata)
    dsp_cddd                                 0x0000b3f2   Data          64  lcd.o(.constdata)
    dsp_cdsj                                 0x0000b432   Data          96  lcd.o(.constdata)
    dsp_cddl                                 0x0000b492   Data          64  lcd.o(.constdata)
    dsp_cddy                                 0x0000b4d2   Data          64  lcd.o(.constdata)
    dsp_d                                    0x0000b512   Data          32  lcd.o(.constdata)
    dsp_cdje                                 0x0000b532   Data          64  lcd.o(.constdata)
    dsp_zhye                                 0x0000b572   Data          64  lcd.o(.constdata)
    dsp_y                                    0x0000b5b2   Data          32  lcd.o(.constdata)
    dsp_cd                                   0x0000b5d2   Data          64  lcd.o(.constdata)
    dsp_cdkh                                 0x0000b612   Data          64  lcd.o(.constdata)
    dsp_xxsyzj                               0x0000b652   Data         256  lcd.o(.constdata)
    dsp_jg                                   0x0000b752   Data         144  lcd.o(.constdata)
    OSMapTbl                                 0x0000b7e2   Data           8  os_core.o(.constdata)
    OSUnMapTbl                               0x0000b7ea   Data         256  os_core.o(.constdata)
    MeterNoDB                                0x0000b8ec   Data          12  rs232.o(.constdata)
    MeterNoIDDB                              0x0000b8f8   Data          24  rs232.o(.constdata)
    QR_VersonInfo                            0x0000b910   Data        3034  qr_encode.o(.constdata)
    byExpToInt                               0x0000c4ea   Data         256  qr_encode.o(.constdata)
    byIntToExp                               0x0000c5ea   Data         256  qr_encode.o(.constdata)
    byRSExp7                                 0x0000c6ea   Data           7  qr_encode.o(.constdata)
    byRSExp10                                0x0000c6f1   Data          10  qr_encode.o(.constdata)
    byRSExp13                                0x0000c6fb   Data          13  qr_encode.o(.constdata)
    byRSExp15                                0x0000c708   Data          15  qr_encode.o(.constdata)
    byRSExp16                                0x0000c717   Data          16  qr_encode.o(.constdata)
    byRSExp17                                0x0000c727   Data          17  qr_encode.o(.constdata)
    byRSExp18                                0x0000c738   Data          18  qr_encode.o(.constdata)
    byRSExp20                                0x0000c74a   Data          20  qr_encode.o(.constdata)
    byRSExp22                                0x0000c75e   Data          22  qr_encode.o(.constdata)
    byRSExp24                                0x0000c774   Data          24  qr_encode.o(.constdata)
    byRSExp26                                0x0000c78c   Data          26  qr_encode.o(.constdata)
    byRSExp28                                0x0000c7a6   Data          28  qr_encode.o(.constdata)
    byRSExp30                                0x0000c7c2   Data          30  qr_encode.o(.constdata)
    byRSExp32                                0x0000c7e0   Data          32  qr_encode.o(.constdata)
    byRSExp34                                0x0000c800   Data          34  qr_encode.o(.constdata)
    byRSExp36                                0x0000c822   Data          36  qr_encode.o(.constdata)
    byRSExp38                                0x0000c846   Data          38  qr_encode.o(.constdata)
    byRSExp40                                0x0000c86c   Data          40  qr_encode.o(.constdata)
    byRSExp42                                0x0000c894   Data          42  qr_encode.o(.constdata)
    byRSExp44                                0x0000c8be   Data          44  qr_encode.o(.constdata)
    byRSExp46                                0x0000c8ea   Data          46  qr_encode.o(.constdata)
    byRSExp48                                0x0000c918   Data          48  qr_encode.o(.constdata)
    byRSExp50                                0x0000c948   Data          50  qr_encode.o(.constdata)
    byRSExp52                                0x0000c97a   Data          52  qr_encode.o(.constdata)
    byRSExp54                                0x0000c9ae   Data          54  qr_encode.o(.constdata)
    byRSExp56                                0x0000c9e4   Data          56  qr_encode.o(.constdata)
    byRSExp58                                0x0000ca1c   Data          58  qr_encode.o(.constdata)
    byRSExp60                                0x0000ca56   Data          60  qr_encode.o(.constdata)
    byRSExp62                                0x0000ca92   Data          62  qr_encode.o(.constdata)
    byRSExp64                                0x0000cad0   Data          64  qr_encode.o(.constdata)
    byRSExp66                                0x0000cb10   Data          66  qr_encode.o(.constdata)
    byRSExp68                                0x0000cb52   Data          68  qr_encode.o(.constdata)
    nIndicatorLenNumeral                     0x0000cb96   Data           3  qr_encode.o(.constdata)
    nIndicatorLenAlphabet                    0x0000cb99   Data           3  qr_encode.o(.constdata)
    nIndicatorLen8Bit                        0x0000cb9c   Data           3  qr_encode.o(.constdata)
    nIndicatorLenKanji                       0x0000cb9f   Data           3  qr_encode.o(.constdata)
    Region$$Table$$Base                      0x0000cba4   Number         0  anon$$obj.o(Region$$Table)
    Region$$Table$$Limit                     0x0000cbe4   Number         0  anon$$obj.o(Region$$Table)
    Charge_Flag                              0x10000000   Data           1  main.o(.data)
    DisplayFlag                              0x10000001   Data           1  main.o(.data)
    Ethernet_State                           0x10000002   Data           1  main.o(.data)
    Station_State                            0x10000003   Data           1  main.o(.data)
    time_flg                                 0x10000004   Data           1  main.o(.data)
    Time_Seconds                             0x10000008   Data           4  main.o(.data)
    Wait_Ack_Seconds                         0x1000000c   Data           4  main.o(.data)
    Wait_Heart_Ack_Seconds                   0x10000010   Data           4  main.o(.data)
    Wait_Event_Ack_Seconds                   0x10000014   Data           4  main.o(.data)
    DisplayWaitTimeSeconds                   0x10000018   Data           4  main.o(.data)
    Wait_Gun_Insert_Seconds                  0x1000001c   Data           4  main.o(.data)
    ChargeBeginTime                          0x10000020   Data           4  main.o(.data)
    sbhmaskflag                              0x10000024   Data           1  lcd.o(.data)
    XHQD                                     0x10000025   Data           1  lcd.o(.data)
    OSCtxSwCtr                               0x10000028   Data           4  os_core.o(.data)
    OSEventFreeList                          0x1000002c   Data           4  os_core.o(.data)
    OSFlagFreeList                           0x10000030   Data           4  os_core.o(.data)
    OSCPUUsage                               0x10000034   Data           1  os_core.o(.data)
    OSIdleCtrMax                             0x10000038   Data           4  os_core.o(.data)
    OSIdleCtrRun                             0x1000003c   Data           4  os_core.o(.data)
    OSStatRdy                                0x10000040   Data           1  os_core.o(.data)
    OSIntNesting                             0x10000041   Data           1  os_core.o(.data)
    OSIntExitY                               0x10000042   Data           1  os_core.o(.data)
    OSLockNesting                            0x10000043   Data           1  os_core.o(.data)
    OSPrioCur                                0x10000044   Data           1  os_core.o(.data)
    OSPrioHighRdy                            0x10000045   Data           1  os_core.o(.data)
    OSRdyGrp                                 0x10000046   Data           1  os_core.o(.data)
    OSRdyTbl                                 0x10000047   Data           8  os_core.o(.data)
    OSRunning                                0x1000004f   Data           1  os_core.o(.data)
    OSTaskCtr                                0x10000050   Data           1  os_core.o(.data)
    OSIdleCtr                                0x10000054   Data           4  os_core.o(.data)
    OSTCBCur                                 0x10000058   Data           4  os_core.o(.data)
    OSTCBFreeList                            0x1000005c   Data           4  os_core.o(.data)
    OSTCBHighRdy                             0x10000060   Data           4  os_core.o(.data)
    OSTCBList                                0x10000064   Data           4  os_core.o(.data)
    OSMemFreeList                            0x10000068   Data           4  os_core.o(.data)
    OSQFreeList                              0x1000006c   Data           4  os_core.o(.data)
    OSTime                                   0x10000070   Data           4  os_core.o(.data)
    ASCII8x16                                0x10000074   Data        1520  t6963.o(.data)
    TimeAndDate                              0x100006a0   Data           8  pcf8563.o(.data)
    RTCtimedate                              0x100006a8   Data           8  pcf8563.o(.data)
    StrategyRev                              0x100006b0   Data           1  rs232.o(.data)
    GulNum                                   0x100006bc   Data           4  rs232.o(.data)
    RcvLen                                   0x100006c0   Data           4  rs232.o(.data)
    SndLen                                   0x100006c4   Data           4  rs232.o(.data)
    GucRcvNew                                0x100006c8   Data           1  rs232.o(.data)
    ReadFirstFlag                            0x100006c9   Data           1  rs232.o(.data)
    RecodeNum                                0x100006ca   Data           1  rs232.o(.data)
    RecodeNum_BAK                            0x100006cb   Data           1  rs232.o(.data)
    GulNumU1                                 0x100006cc   Data           4  uart1.o(.data)
    RcvLenU1                                 0x100006d0   Data           4  uart1.o(.data)
    SndLenU1                                 0x100006d4   Data           4  uart1.o(.data)
    RcvNewU1                                 0x100006d8   Data           1  uart1.o(.data)
    byRSExp                                  0x100006dc   Data         276  qr_encode.o(.data)
    m_nSymbleSize                            0x100007fc   Data           4  qr_encode.o(.data)
    m_ncDataCodeWordBit                      0x10000800   Data           4  qr_encode.o(.data)
    m_ncDataBlock                            0x10000804   Data           4  qr_encode.o(.data)
    m_ncAllCodeWord                          0x10000808   Data           4  qr_encode.o(.data)
    m_nLevel                                 0x1000080c   Data           4  qr_encode.o(.data)
    m_nVersion                               0x10000810   Data           4  qr_encode.o(.data)
    m_bAutoExtent                            0x10000814   Data           1  qr_encode.o(.data)
    m_nMaskingNo                             0x10000818   Data           4  qr_encode.o(.data)
    GucRcvBuf                                0x100068ac   Data         500  rs232.o(.bss)
    GucSndBuf                                0x10006aa0   Data         500  rs232.o(.bss)
    Meter                                    0x10006c94   Data         136  rs232.o(.bss)
    MD5                                      0x10006d1c   Data          16  rs232.o(.bss)
    Strategy                                 0x10006d2c   Data          96  rs232.o(.bss)
    MD5_BAK                                  0x10006d8c   Data          16  rs232.o(.bss)
    Strategy_BAK                             0x10006d9c   Data          96  rs232.o(.bss)
    strategy_kwh                             0x10006dfc   Data          48  rs232.o(.bss)
    m_byModuleData                           0x10006e2c   Data        4225  qr_encode.o(.bss)
    m_byDataCodeWord                         0x10007ead   Data        2956  qr_encode.o(.bss)
    m_byBlockMode                            0x10008a39   Data        2956  qr_encode.o(.bss)
    m_nBlockLength                           0x100095c5   Data        2956  qr_encode.o(.bss)
    m_byAllCodeWord                          0x1000a151   Data        3706  qr_encode.o(.bss)
    m_byRSWork                               0x1000afcb   Data         153  qr_encode.o(.bss)
    JYSN                                     0x20000000   Data           4  global.o(.data)
    LXJYSN                                   0x20000004   Data           4  global.o(.data)
    I2C_sla                                  0x20000008   Data           1  hardware_interface.o(.data)
    I2C_suba                                 0x2000000c   Data           4  hardware_interface.o(.data)
    I2C_suba_num                             0x20000010   Data           1  hardware_interface.o(.data)
    I2C_buf                                  0x20000014   Data           4  hardware_interface.o(.data)
    I2C_num                                  0x20000018   Data           4  hardware_interface.o(.data)
    I2C_end                                  0x2000001c   Data           1  hardware_interface.o(.data)
    I2C_suba_en                              0x2000001d   Data           1  hardware_interface.o(.data)
    Src_IP_Add                               0x2000001e   Data           4  ethernet.o(.data)
    Subnet_Mask_Add                          0x20000022   Data           4  ethernet.o(.data)
    Gateway_Add                              0x20000026   Data           4  ethernet.o(.data)
    Src_MAC_Add                              0x2000002a   Data           6  ethernet.o(.data)
    Sn_DIP_Add                               0x20000030   Data           4  ethernet.o(.data)
    Sn_Port                                  0x20000034   Data           2  ethernet.o(.data)
    Log_In_Frame                             0x20000036   Data          25  ethernet.o(.data)
    Ethernet_ReCnc_Ctr                       0x2000004f   Data           1  ethernet.o(.data)
    PTL104_State                             0x20000050   Data           1  ethernet.o(.data)
    OsEnterSum                               0x20000054   Data           4  os_cpu_c.o(.data)
    SystemCoreClock                          0x2000005c   Data           4  system_lpc177x_8x.o(.data)
    PeripheralClock                          0x20000060   Data           4  system_lpc177x_8x.o(.data)
    EMCClock                                 0x20000064   Data           4  system_lpc177x_8x.o(.data)
    USBClock                                 0x20000068   Data           4  system_lpc177x_8x.o(.data)
    Term_Para1                               0x2000006c   Data         248  global.o(.bss)
    OrderNo                                  0x20000164   Data          16  global.o(.bss)
    RX_Buffer                                0x20000174   Data        1024  ethernet.o(.bss)
    TX_Buffer                                0x20000574   Data        1024  ethernet.o(.bss)
    Authtic_Success                          0x20000974   Data         120  ethernet.o(.bss)
    ForAckIdx                                0x200009ec   Data        1560  ptl104.o(.bss)
    UartDlyTim                               0x20001004   Data          16  ptl104.o(.bss)
    sPTL_104_I_SND                           0x20001014   Data         256  ptl104.o(.bss)
    sPTL_104_I_RCV                           0x20001114   Data         256  ptl104.o(.bss)
    sPTL_104_I_100                           0x20001214   Data          24  ptl104.o(.bss)
    sPTL_104_I_100_BAK                       0x2000122c   Data          24  ptl104.o(.bss)
    sPTL_104_I_UP_JQSJ                       0x20001244   Data          96  ptl104.o(.bss)
    sPTL_104_I_UP_ZXSJ                       0x200012a4   Data         176  ptl104.o(.bss)
    sPTL_104_I_UP_LXSJ                       0x20001354   Data         220  ptl104.o(.bss)
    sPTL_104_I_DW_JQSJ                       0x20001430   Data         108  ptl104.o(.bss)
    sPTL_104_I_DW_KKXX                       0x2000149c   Data          64  ptl104.o(.bss)
    sPTL_104_I_DW_HMD                        0x200014dc   Data          18  ptl104.o(.bss)
    sPTL_104_I_DW_BZFL                       0x200014f0   Data          36  ptl104.o(.bss)
    ChargeStrategyUP                         0x20001514   Data         177  ptl104.o(.bss)
    OSEventTbl                               0x200015c8   Data        1088  os_core.o(.bss)
    OSFlagTbl                                0x20001a08   Data         180  os_core.o(.bss)
    OSTaskStatStk                            0x20001abc   Data        1024  os_core.o(.bss)
    OSTaskIdleStk                            0x20001ebc   Data        1024  os_core.o(.bss)
    OSTCBPrioTbl                             0x200022bc   Data         256  os_core.o(.bss)
    OSTCBTbl                                 0x200023bc   Data        1144  os_core.o(.bss)
    OSMemTbl                                 0x20002834   Data         300  os_core.o(.bss)
    OSQTbl                                   0x20002960   Data         288  os_core.o(.bss)
    RcvBufU1                                 0x20002a80   Data         500  uart1.o(.bss)
    SndBufU1                                 0x20002c74   Data         500  uart1.o(.bss)
    __initial_sp                             0x20003068   Data           0  startup_lpc177x_8x.o(STACK)



==============================================================================

Memory Map of the image

  Image Entry point : 0x000000e5

  Load Region LR_IROM1 (Base: 0x00000000, Size: 0x0000d46c, Max: 0x00080000, ABSOLUTE, COMPRESSED[0x0000cf78])

    Execution Region ER_IROM1 (Base: 0x00000000, Size: 0x0000cbe4, Max: 0x00080000, ABSOLUTE)

    Base Addr    Size         Type   Attr      Idx    E Section Name        Object

    0x00000000   0x000000e4   Data   RO         3815    RESET               startup_lpc177x_8x.o
    0x000000e4   0x00000000   Code   RO         5034  * .ARM.Collect$$$$00000000  mc_w.l(entry.o)
    0x000000e4   0x00000004   Code   RO         5367    .ARM.Collect$$$$00000001  mc_w.l(entry2.o)
    0x000000e8   0x00000004   Code   RO         5370    .ARM.Collect$$$$00000004  mc_w.l(entry5.o)
    0x000000ec   0x00000000   Code   RO         5372    .ARM.Collect$$$$00000008  mc_w.l(entry7b.o)
    0x000000ec   0x00000000   Code   RO         5374    .ARM.Collect$$$$0000000A  mc_w.l(entry8b.o)
    0x000000ec   0x00000008   Code   RO         5375    .ARM.Collect$$$$0000000B  mc_w.l(entry9a.o)
    0x000000f4   0x00000000   Code   RO         5377    .ARM.Collect$$$$0000000D  mc_w.l(entry10a.o)
    0x000000f4   0x00000000   Code   RO         5379    .ARM.Collect$$$$0000000F  mc_w.l(entry11a.o)
    0x000000f4   0x00000004   Code   RO         5368    .ARM.Collect$$$$00002712  mc_w.l(entry2.o)
    0x000000f8   0x00000024   Code   RO         3817    .text               startup_lpc177x_8x.o
    0x0000011c   0x00000042   Code   RO         5043    .text               mc_w.l(memmove.o)
    0x0000015e   0x00000024   Code   RO         5047    .text               mc_w.l(memseta.o)
    0x00000182   0x0000000e   Code   RO         5049    .text               mc_w.l(strlen.o)
    0x00000190   0x000000b0   Code   RO         5359    .text               mf_w.l(fadd.o)
    0x00000240   0x00000080   Code   RO         5361    .text               mf_w.l(fdiv.o)
    0x000002c0   0x0000000a   Code   RO         5363    .text               mf_w.l(ffltui.o)
    0x000002ca   0x00000028   Code   RO         5365    .text               mf_w.l(ffixui.o)
    0x000002f2   0x00000000   Code   RO         5392    .text               mc_w.l(iusefp.o)
    0x000002f2   0x0000000a   Code   RO         1683    i.Delayus           t6963.o
    0x000002fc   0x00000004   Code   RO         3816    .ARM.__at_0x02FC    startup_lpc177x_8x.o
    0x00000300   0x0000002c   Code   RO         5384    .text               mc_w.l(uidiv.o)
    0x0000032c   0x0000006c   Code   RO         5393    .text               mf_w.l(fepilogue.o)
    0x00000398   0x00000024   Code   RO         5405    .text               mc_w.l(init.o)
    0x000003bc   0x0000005c   Code   RO         5421    .text               mc_w.l(__dczerorl2.o)
    0x00000418   0x000000f4   Code   RO         1582    UCOSII_ASM          os_cpu_a.o
    0x0000050c   0x0000003a   Code   RO          682    i.AD0_IN5_Value     lpc_adc.o
    0x00000546   0x00000002   PAD
    0x00000548   0x00000060   Code   RO          683    i.ADCInit           lpc_adc.o
    0x000005a8   0x00000040   Code   RO          684    i.ADCRead           lpc_adc.o
    0x000005e8   0x00000018   Code   RO          685    i.ADC_GetStat       lpc_adc.o
    0x00000600   0x00000020   Code   RO          686    i.ADC_Start         lpc_adc.o
    0x00000620   0x000001e8   Code   RO         2681    i.All_Relay_Init    relay.o
    0x00000808   0x00000066   Code   RO         4121    i.AlphabetToBinaly  qr_encode.o
    0x0000086e   0x00000020   Code   RO          490    i.Answer_R_Call     ethernet.o
    0x0000088e   0x00000002   PAD
    0x00000890   0x000000b8   Code   RO          491    i.Authtic_Deal_With  ethernet.o
    0x00000948   0x00000134   Code   RO          687    i.CP_Pin_Dector     lpc_adc.o
    0x00000a7c   0x00000348   Code   RO         2712    i.ChargeStrategyMeterKwh  rs232.o
    0x00000dc4   0x00000048   Code   RO          492    i.Charge_State_Ack  ethernet.o
    0x00000e0c   0x000000ac   Code   RO          493    i.Charge_State_Update  ethernet.o
    0x00000eb8   0x0000007a   Code   RO         2713    i.CheckSum0904      rs232.o
    0x00000f32   0x00000002   PAD
    0x00000f34   0x0000002c   Code   RO         2714    i.ClearDataBuffer   rs232.o
    0x00000f60   0x000000f8   Code   RO         2849    i.CommandProcess    uart1.o
    0x00001058   0x00000520   Code   RO         4123    i.CountPenalty      qr_encode.o
    0x00001578   0x00000024   Code   RO         1682    i.Delayms           t6963.o
    0x0000159c   0x00000124   Code   RO          185    i.DisplayChargeEndInfo  lcd.o
    0x000016c0   0x00000002   Code   RO          186    i.DisplayChargeError  lcd.o
    0x000016c2   0x00000002   PAD
    0x000016c4   0x0000024c   Code   RO          187    i.DisplayChargeInfo  lcd.o
    0x00001910   0x00000024   Code   RO          188    i.DisplayOpenButton  lcd.o
    0x00001934   0x000000c0   Code   RO            2    i.DisplayTask       main.o
    0x000019f4   0x0000006c   Code   RO          189    i.Display_GUN_Insert  lcd.o
    0x00001a60   0x0000002a   Code   RO          190    i.DspJQFHerr        lcd.o
    0x00001a8a   0x00000002   PAD
    0x00001a8c   0x0000034c   Code   RO         4124    i.EncodeData        qr_encode.o
    0x00001dd8   0x000007b8   Code   RO         4125    i.EncodeSourceData  qr_encode.o
    0x00002590   0x00000020   Code   RO          495    i.Ethernet_Init     ethernet.o
    0x000025b0   0x000001fc   Code   RO          496    i.Ethernet_Work     ethernet.o
    0x000027ac   0x00000078   Code   RO          497    i.Ethernet_config   ethernet.o
    0x00002824   0x000000bc   Code   RO          498    i.Ethrenet_Connecting  ethernet.o
    0x000028e0   0x00000044   Code   RO          449    i.ExRTCInit         rtc.o
    0x00002924   0x00000026   Code   RO          450    i.ExRTCSet          rtc.o
    0x0000294a   0x000000ca   Code   RO          786    i.F104_INF_PACK     ptl104.o
    0x00002a14   0x00000064   Code   RO          788    i.F104_JFCLCDQK_UP_PACK  ptl104.o
    0x00002a78   0x00000060   Code   RO          791    i.F104_LOGIN_PACK   ptl104.o
    0x00002ad8   0x0000026c   Code   RO          797    i.F104_ZXSJSJ_PACK  ptl104.o
    0x00002d44   0x000000f0   Code   RO          800    i.F104_ZZHSJ_PACK   ptl104.o
    0x00002e34   0x0000004c   Code   RO         2464    i.FMReadByte        fm1702.o
    0x00002e80   0x00000024   Code   RO         2470    i.FMSendByte        fm1702.o
    0x00002ea4   0x00000070   Code   RO         2402    i.FRAMRead          fram.o
    0x00002f14   0x000000cc   Code   RO         2403    i.FRAMWrite         fram.o
    0x00002fe0   0x000000d8   Code   RO         1685    i.FSMC_ReadStatus   t6963.o
    0x000030b8   0x000000e4   Code   RO         1686    i.FSMC_WriteCMD     t6963.o
    0x0000319c   0x000000e4   Code   RO         1687    i.FSMC_WriteData    t6963.o
    0x00003280   0x000000bc   Code   RO         4126    i.FormatModule      qr_encode.o
    0x0000333c   0x00000050   Code   RO         2404    i.FramState         fram.o
    0x0000338c   0x00000136   Code   RO         2813    i.FrameCheck_645_2007  dl645a.o
    0x000034c2   0x000000b2   Code   RO         2815    i.FramePack_645_2007  dl645a.o
    0x00003574   0x00000014   Code   RO         3452    i.GPIO_ClearValue   lpc177x_8x_gpio.o
    0x00003588   0x00000038   Code   RO         3454    i.GPIO_GetPointer   lpc177x_8x_gpio.o
    0x000035c0   0x0000001e   Code   RO         3456    i.GPIO_OutputValue  lpc177x_8x_gpio.o
    0x000035de   0x00000028   Code   RO         3458    i.GPIO_SetDir       lpc177x_8x_gpio.o
    0x00003606   0x00000014   Code   RO         3459    i.GPIO_SetValue     lpc177x_8x_gpio.o
    0x0000361a   0x00000002   PAD
    0x0000361c   0x000000a4   Code   RO         4127    i.GetBitLength      qr_encode.o
    0x000036c0   0x00000100   Code   RO         4128    i.GetEncodeVersion  qr_encode.o
    0x000037c0   0x00000088   Code   RO         4129    i.GetRSCodeWord     qr_encode.o
    0x00003848   0x00000002   Code   RO          307    i.GolbalVarInit     global.o
    0x0000384a   0x00000002   PAD
    0x0000384c   0x0000021c   Code   RO          421    i.I2C1_IRQHandler   it_isr.o
    0x00003a68   0x000000a0   Code   RO          344    i.I2C_ReadNByte     hardware_interface.o
    0x00003b08   0x00000098   Code   RO          345    i.I2C_WriteNByte    hardware_interface.o
    0x00003ba0   0x00000060   Code   RO         1931    i.IINCHIP_READ      w5100.o
    0x00003c00   0x00000058   Code   RO         1932    i.IINCHIP_WRITE     w5100.o
    0x00003c58   0x000000b8   Code   RO         1933    i.ISR_Process       w5100.o
    0x00003d10   0x00000046   Code   RO         4130    i.IsAlphabetData    qr_encode.o
    0x00003d56   0x00000032   Code   RO         4132    i.IsKanjiData       qr_encode.o
    0x00003d88   0x00000012   Code   RO         4133    i.IsNumeralData     qr_encode.o
    0x00003d9a   0x0000002e   Code   RO         4134    i.KanjiToBinaly     qr_encode.o
    0x00003dc8   0x00000038   Code   RO         1688    i.MainDispClr       t6963.o
    0x00003e00   0x000000d0   Code   RO         2715    i.MeterParaInit     rs232.o
    0x00003ed0   0x000000fc   Code   RO            3    i.NetTask           main.o
    0x00003fcc   0x00000030   Code   RO         1068    i.OSInit            os_core.o
    0x00003ffc   0x00000002   Code   RO         1586    i.OSInitHookBegin   os_cpu_c.o
    0x00003ffe   0x00000002   Code   RO         1587    i.OSInitHookEnd     os_cpu_c.o
    0x00004000   0x000000ac   Code   RO         1070    i.OSIntExit         os_core.o
    0x000040ac   0x00000068   Code   RO         1073    i.OSStart           os_core.o
    0x00004114   0x00000002   Code   RO         1588    i.OSTCBInitHook     os_cpu_c.o
    0x00004116   0x00000002   PAD
    0x00004118   0x000000a0   Code   RO         1523    i.OSTaskCreate      os_task.o
    0x000041b8   0x000000bc   Code   RO         1524    i.OSTaskCreateExt   os_task.o
    0x00004274   0x00000002   Code   RO         1589    i.OSTaskCreateHook  os_cpu_c.o
    0x00004276   0x00000002   Code   RO         1591    i.OSTaskIdleHook    os_cpu_c.o
    0x00004278   0x00000002   Code   RO         1592    i.OSTaskStatHook    os_cpu_c.o
    0x0000427a   0x0000009a   Code   RO         1593    i.OSTaskStkInit     os_cpu_c.o
    0x00004314   0x00000002   Code   RO         1594    i.OSTaskSwHook      os_cpu_c.o
    0x00004316   0x00000002   PAD
    0x00004318   0x00000060   Code   RO         1026    i.OSTimeDly         os_time.o
    0x00004378   0x00000094   Code   RO         1075    i.OSTimeTick        os_core.o
    0x0000440c   0x00000002   Code   RO         1595    i.OSTimeTickHook    os_cpu_c.o
    0x0000440e   0x00000002   PAD
    0x00004410   0x00000034   Code   RO         1228    i.OS_FlagInit       os_flag.o
    0x00004444   0x00000034   Code   RO         1082    i.OS_InitEventList  os_core.o
    0x00004478   0x00000054   Code   RO         1083    i.OS_InitMisc       os_core.o
    0x000044cc   0x00000048   Code   RO         1084    i.OS_InitRdyList    os_core.o
    0x00004514   0x00000050   Code   RO         1085    i.OS_InitTCBList    os_core.o
    0x00004564   0x00000038   Code   RO         1086    i.OS_InitTaskIdle   os_core.o
    0x0000459c   0x00000038   Code   RO         1087    i.OS_InitTaskStat   os_core.o
    0x000045d4   0x00000044   Code   RO         1340    i.OS_MemInit        os_mem.o
    0x00004618   0x00000030   Code   RO         1423    i.OS_QInit          os_q.o
    0x00004648   0x00000080   Code   RO         1088    i.OS_Sched          os_core.o
    0x000046c8   0x000000f4   Code   RO         1089    i.OS_TCBInit        os_core.o
    0x000047bc   0x00000020   Code   RO         1090    i.OS_TaskIdle       os_core.o
    0x000047dc   0x00000088   Code   RO         1091    i.OS_TaskStat       os_core.o
    0x00004864   0x00000082   Code   RO         2332    i.PCF8563_INT_State  pcf8563.o
    0x000048e6   0x0000011a   Code   RO         2333    i.PCF8563_Read      pcf8563.o
    0x00004a00   0x00000024   Code   RO         2334    i.PCF8563_SS        pcf8563.o
    0x00004a24   0x00000124   Code   RO         2335    i.PCF8563_Set       pcf8563.o
    0x00004b48   0x00000020   Code   RO         2339    i.PCF8563_Set_Timer  pcf8563.o
    0x00004b68   0x0000016c   Code   RO          499    i.PTL104DataAnalysis  ethernet.o
    0x00004cd4   0x00000100   Code   RO          804    i.PTL104_JQXXWithOrderAndLogicNumber_unpack  ptl104.o
    0x00004dd4   0x000000d4   Code   RO          805    i.PTL104_JQXXWithOrder_unpack  ptl104.o
    0x00004ea8   0x000000e4   Code   RO          807    i.PTL104_KKXX_With_LogicNumber_unpack  ptl104.o
    0x00004f8c   0x00000070   Code   RO         2850    i.Packet_Send_232Frame  uart1.o
    0x00004ffc   0x00000014   Code   RO         2851    i.Packet_Send_GateWay  uart1.o
    0x00005010   0x00000014   Code   RO         2852    i.Packet_Send_Maching_No  uart1.o
    0x00005024   0x00000014   Code   RO         2853    i.Packet_Send_Pile_No  uart1.o
    0x00005038   0x00000014   Code   RO         2854    i.Packet_Send_SelfIP  uart1.o
    0x0000504c   0x00000014   Code   RO         2855    i.Packet_Send_SelfMAC  uart1.o
    0x00005060   0x00000014   Code   RO         2856    i.Packet_Send_SelfMASK  uart1.o
    0x00005074   0x00000014   Code   RO         2857    i.Packet_Send_ServerIP  uart1.o
    0x00005088   0x00000010   Code   RO          500    i.PayForDile        ethernet.o
    0x00005098   0x0000000c   Code   RO            4    i.RFCardTask        main.o
    0x000050a4   0x00000060   Code   RO          422    i.RTC_IRQHandler    it_isr.o
    0x00005104   0x00000040   Code   RO          501    i.R_Call_Ack        ethernet.o
    0x00005144   0x00000040   Code   RO          502    i.R_Call_Over       ethernet.o
    0x00005184   0x00000068   Code   RO          503    i.RemoteCtrlFrameDeal  ethernet.o
    0x000051ec   0x00000028   Code   RO         2858    i.Reset_GateWay     uart1.o
    0x00005214   0x00000028   Code   RO         2859    i.Reset_Maching_No  uart1.o
    0x0000523c   0x00000028   Code   RO         2860    i.Reset_Pile_No     uart1.o
    0x00005264   0x00000028   Code   RO         2861    i.Reset_SelfIP      uart1.o
    0x0000528c   0x0000002c   Code   RO         2862    i.Reset_SelfMAC     uart1.o
    0x000052b8   0x00000028   Code   RO         2863    i.Reset_SelfMASK    uart1.o
    0x000052e0   0x00000034   Code   RO         2864    i.Reset_ServerIP    uart1.o
    0x00005314   0x00000110   Code   RO          809    i.SET_CHG_JSSJ      ptl104.o
    0x00005424   0x00000110   Code   RO          810    i.SET_CHG_KSSJ      ptl104.o
    0x00005534   0x000000c0   Code   RO          811    i.SET_JFCLSJ        ptl104.o
    0x000055f4   0x000000c0   Code   RO          814    i.SET_ZXTZSJ        ptl104.o
    0x000056b4   0x000000a8   Code   RO          346    i.SSP0_Init         hardware_interface.o
    0x0000575c   0x000000a8   Code   RO          348    i.SSP1_Init         hardware_interface.o
    0x00005804   0x0000003c   Code   RO          349    i.SSP_Hardeare_ReceiveData  hardware_interface.o
    0x00005840   0x0000001a   Code   RO          350    i.SSP_Hardeare_SendData  hardware_interface.o
    0x0000585a   0x00000002   PAD
    0x0000585c   0x0000001c   Code   RO          815    i.SaveZXJYLSH       ptl104.o
    0x00005878   0x00000002   Code   RO          504    i.Save_Charge_Strategy  ethernet.o
    0x0000587a   0x00000002   PAD
    0x0000587c   0x00000050   Code   RO          506    i.SendRemoteCtrlAsk  ethernet.o
    0x000058cc   0x00000080   Code   RO         2865    i.SendResetSucessFrame  uart1.o
    0x0000594c   0x00000020   Code   RO          508    i.Sent_Heart_Frame  ethernet.o
    0x0000596c   0x00000022   Code   RO          509    i.Sent_Login_Frame  ethernet.o
    0x0000598e   0x00000046   Code   RO          510    i.Sent_OnlineChargeInfo_Frame  ethernet.o
    0x000059d4   0x00000020   Code   RO          511    i.Sent_RACTIVE      ethernet.o
    0x000059f4   0x00000040   Code   RO          512    i.Sent_Rsettime     ethernet.o
    0x00005a34   0x00000040   Code   RO          513    i.Sent_S_Ack        ethernet.o
    0x00005a74   0x0000004c   Code   RO          514    i.Sent_StrateChargeInfo_Frame  ethernet.o
    0x00005ac0   0x00000060   Code   RO         4136    i.SetAlignmentPattern  qr_encode.o
    0x00005b20   0x00000074   Code   RO         4137    i.SetBitStream      qr_encode.o
    0x00005b94   0x000000a0   Code   RO         4138    i.SetCodeWordPattern  qr_encode.o
    0x00005c34   0x00000048   Code   RO         4139    i.SetFinderPattern  qr_encode.o
    0x00005c7c   0x0000013c   Code   RO         4140    i.SetFormatInfoPattern  qr_encode.o
    0x00005db8   0x000001cc   Code   RO         4141    i.SetFunctionModule  qr_encode.o
    0x00005f84   0x0000019c   Code   RO         4142    i.SetMaskingPattern  qr_encode.o
    0x00006120   0x00000098   Code   RO         4143    i.SetVersionPattern  qr_encode.o
    0x000061b8   0x00000060   Code   RO          515    i.Set_Sys_Time      ethernet.o
    0x00006218   0x0000003c   Code   RO          731    i.Station_Authtic_deal  charge_station_deal.o
    0x00006254   0x00000002   Code   RO          732    i.Station_ChargeEND_deal  charge_station_deal.o
    0x00006256   0x00000002   Code   RO          733    i.Station_ChargeError_deal  charge_station_deal.o
    0x00006258   0x0000008c   Code   RO          734    i.Station_Charge_deal  charge_station_deal.o
    0x000062e4   0x00000020   Code   RO          735    i.Station_Connect_deal  charge_station_deal.o
    0x00006304   0x00000044   Code   RO          736    i.Station_Idle_deal  charge_station_deal.o
    0x00006348   0x00000024   Code   RO         1596    i.SysTick_Handler   os_cpu_c.o
    0x0000636c   0x000000e8   Code   RO         3780    i.SystemInit        system_lpc177x_8x.o
    0x00006454   0x00000204   Code   RO          308    i.SystemParaInit    global.o
    0x00006658   0x0000001a   Code   RO         1692    i.T6963_AutoWrite   t6963.o
    0x00006672   0x00000044   Code   RO         1693    i.T6963_DispPic     t6963.o
    0x000066b6   0x00000002   PAD
    0x000066b8   0x00000134   Code   RO         1694    i.T6963_DispQR_Code  t6963.o
    0x000067ec   0x00000064   Code   RO         1699    i.T6963_DisplayCHN16n  t6963.o
    0x00006850   0x0000005c   Code   RO         1700    i.T6963_DisplayCHN16nA  t6963.o
    0x000068ac   0x00000066   Code   RO         1702    i.T6963_DisplayCHN24n  t6963.o
    0x00006912   0x00000002   PAD
    0x00006914   0x000000a8   Code   RO         1703    i.T6963_DisplayEng16  t6963.o
    0x000069bc   0x000000a0   Code   RO         1704    i.T6963_DisplayEng16A  t6963.o
    0x00006a5c   0x000000c4   Code   RO         1705    i.T6963_Init        t6963.o
    0x00006b20   0x0000002c   Code   RO         1706    i.T6963_LCDClear    t6963.o
    0x00006b4c   0x0000005c   Code   RO         1707    i.T6963_LCDReset    t6963.o
    0x00006ba8   0x000000e8   Code   RO         1708    i.T6963_Line        t6963.o
    0x00006c90   0x00000012   Code   RO         1709    i.T6963_RWCheck     t6963.o
    0x00006ca2   0x00000024   Code   RO         1711    i.T6963_SetAddressPointer  t6963.o
    0x00006cc6   0x0000000e   Code   RO         1712    i.T6963_SetBit      t6963.o
    0x00006cd4   0x00000010   Code   RO         1713    i.T6963_WriteCMD0   t6963.o
    0x00006ce4   0x00000014   Code   RO         1714    i.T6963_WriteCMD1   t6963.o
    0x00006cf8   0x0000001c   Code   RO         1715    i.T6963_WriteCMD2   t6963.o
    0x00006d14   0x00000010   Code   RO         1716    i.T6963_WriteData   t6963.o
    0x00006d24   0x0000000e   Code   RO         1717    i.T6963_WriteDispData  t6963.o
    0x00006d32   0x00000002   PAD
    0x00006d34   0x0000013c   Code   RO          191    i.Turn_QR_Code      lcd.o
    0x00006e70   0x000000bc   Code   RO         2866    i.UART1Init         uart1.o
    0x00006f2c   0x00000030   Code   RO         2867    i.UART1RxbufClear   uart1.o
    0x00006f5c   0x00000018   Code   RO         2868    i.UART1SendByte     uart1.o
    0x00006f74   0x0000001e   Code   RO         2869    i.UART1SendStr      uart1.o
    0x00006f92   0x00000002   PAD
    0x00006f94   0x00000138   Code   RO         2871    i.UART1_IRQHandler  uart1.o
    0x000070cc   0x00000130   Code   RO         2717    i.UART2_IRQHandler  rs232.o
    0x000071fc   0x00000024   Code   RO         2718    i.Uart2RxbufClear   rs232.o
    0x00007220   0x0000000c   Code   RO            5    i.Uart485_E_M_Task  main.o
    0x0000722c   0x0000000c   Code   RO            6    i.UartCfgTask       main.o
    0x00007238   0x00000034   Code   RO          351    i.Wait_I2c_End      hardware_interface.o
    0x0000726c   0x00000028   Code   RO         5218    i.__0sprintf$6      mc_w.l(printf6.o)
    0x00007294   0x0000000e   Code   RO         5415    i.__scatterload_copy  mc_w.l(handlers.o)
    0x000072a2   0x00000002   Code   RO         5416    i.__scatterload_null  mc_w.l(handlers.o)
    0x000072a4   0x0000000e   Code   RO         5417    i.__scatterload_zeroinit  mc_w.l(handlers.o)
    0x000072b2   0x00000002   PAD
    0x000072b4   0x000002f4   Code   RO         5223    i._printf_core      mc_w.l(printf6.o)
    0x000075a8   0x00000026   Code   RO         5224    i._printf_post_padding  mc_w.l(printf6.o)
    0x000075ce   0x00000030   Code   RO         5225    i._printf_pre_padding  mc_w.l(printf6.o)
    0x000075fe   0x0000000a   Code   RO         5227    i._sputc            mc_w.l(printf6.o)
    0x00007608   0x00000030   Code   RO         1934    i.applySUBR         w5100.o
    0x00007638   0x0000006a   Code   RO          192    i.bcdtwo2bcdone     lcd.o
    0x000076a2   0x0000006a   Code   RO          193    i.byte2bcd          lcd.o
    0x0000770c   0x00000048   Code   RO         1935    i.clearSUBR         w5100.o
    0x00007754   0x00000040   Code   RO         2246    i.close             socket.o
    0x00007794   0x000000ce   Code   RO         2247    i.connect           socket.o
    0x00007862   0x00000032   Code   RO          816    i.dbcd2hex16        ptl104.o
    0x00007894   0x00000020   Code   RO         2477    i.ddelay            fm1702.o
    0x000078b4   0x00000044   Code   RO          194    i.dspQR_Code        lcd.o
    0x000078f8   0x00000088   Code   RO          195    i.dspTermSn         lcd.o
    0x00007980   0x000001a0   Code   RO          196    i.dspTimeAndIcon    lcd.o
    0x00007b20   0x0000008a   Code   RO         1718    i.dspdatchg         t6963.o
    0x00007baa   0x00000046   Code   RO         1719    i.dspdelzero        t6963.o
    0x00007bf0   0x0000002c   Code   RO          197    i.dspstandbypage    lcd.o
    0x00007c1c   0x00000026   Code   RO         1936    i.getGAR            w5100.o
    0x00007c42   0x00000002   PAD
    0x00007c44   0x00000010   Code   RO         1938    i.getIINCHIP_RxBASE  w5100.o
    0x00007c54   0x00000010   Code   RO         1939    i.getIINCHIP_RxMASK  w5100.o
    0x00007c64   0x00000010   Code   RO         1940    i.getIINCHIP_RxMAX  w5100.o
    0x00007c74   0x00000010   Code   RO         1941    i.getIINCHIP_TxBASE  w5100.o
    0x00007c84   0x00000010   Code   RO         1942    i.getIINCHIP_TxMASK  w5100.o
    0x00007c94   0x00000010   Code   RO         1943    i.getIINCHIP_TxMAX  w5100.o
    0x00007ca4   0x0000000c   Code   RO         1945    i.getISR            w5100.o
    0x00007cb0   0x00000026   Code   RO         1947    i.getSIPR           w5100.o
    0x00007cd6   0x00000064   Code   RO         1953    i.getSn_RX_RSR      w5100.o
    0x00007d3a   0x00000016   Code   RO         1954    i.getSn_SR          w5100.o
    0x00007d50   0x00000064   Code   RO         1955    i.getSn_TX_FSR      w5100.o
    0x00007db4   0x0000001e   Code   RO          198    i.hex2bcd           lcd.o
    0x00007dd2   0x00000002   PAD
    0x00007dd4   0x000000ac   Code   RO          352    i.i2c1Init          hardware_interface.o
    0x00007e80   0x00000014   Code   RO         1956    i.iinchip_init      w5100.o
    0x00007e94   0x0000003c   Code   RO            7    i.main              main.o
    0x00007ed0   0x00000160   Code   RO            8    i.mainTask          main.o
    0x00008030   0x0000038c   Code   RO         2720    i.main_rs232        rs232.o
    0x000083bc   0x0000005c   Code   RO          451    i.main_rtc          rtc.o
    0x00008418   0x00000060   Code   RO         2872    i.main_uart1        uart1.o
    0x00008478   0x0000003c   Code   RO         2721    i.ndbcdstr2u32      rs232.o
    0x000084b4   0x0000000c   Code   RO         1957    i.putISR            w5100.o
    0x000084c0   0x000000d0   Code   RO         2683    i.pwmDb1Init        relay.o
    0x00008590   0x0000006c   Code   RO         1958    i.read_data         w5100.o
    0x000085fc   0x0000004a   Code   RO         2251    i.recv              socket.o
    0x00008646   0x0000006a   Code   RO         1959    i.recv_data_processing  w5100.o
    0x000086b0   0x000000f8   Code   RO          452    i.rtcInit           rtc.o
    0x000087a8   0x000000c8   Code   RO         2253    i.send              socket.o
    0x00008870   0x0000006a   Code   RO         1960    i.send_data_processing  w5100.o
    0x000088da   0x00000026   Code   RO         1961    i.setGAR            w5100.o
    0x00008900   0x0000000e   Code   RO         1962    i.setIMR            w5100.o
    0x0000890e   0x0000000e   Code   RO         1963    i.setMR             w5100.o
    0x0000891c   0x0000000e   Code   RO         1964    i.setRCR            w5100.o
    0x0000892a   0x00000016   Code   RO         1965    i.setRTR            w5100.o
    0x00008940   0x00000036   Code   RO         1966    i.setSHAR           w5100.o
    0x00008976   0x00000026   Code   RO         1967    i.setSIPR           w5100.o
    0x0000899c   0x00000020   Code   RO         1968    i.setSUBR           w5100.o
    0x000089bc   0x00000050   Code   RO         1970    i.setSn_DIPR        w5100.o
    0x00008a0c   0x000000cc   Code   RO         2255    i.socket            socket.o
    0x00008ad8   0x00000060   Code   RO         1597    i.sysTickInit       os_cpu_c.o
    0x00008b38   0x0000018c   Code   RO         1976    i.sysinit           w5100.o
    0x00008cc4   0x0000000e   Code   RO          199    i.u8to2bcd          lcd.o
    0x00008cd2   0x00000002   PAD
    0x00008cd4   0x000000c0   Code   RO         2722    i.uart2Init         rs232.o
    0x00008d94   0x00000018   Code   RO         2723    i.uart2SendByte     rs232.o
    0x00008dac   0x0000005c   Code   RO         2724    i.uart2SendStr      rs232.o
    0x00008e08   0x0000002a   Code   RO          200    i.uint32tobcd       lcd.o
    0x00008e32   0x00000002   PAD
    0x00008e34   0x00000070   Code   RO         1977    i.wiz_read_buf      w5100.o
    0x00008ea4   0x00000098   Code   RO         1978    i.wiz_write_buf     w5100.o
    0x00008f3c   0x00000066   Code   RO         1979    i.write_data        w5100.o
    0x00008fa2   0x00000002   PAD
    0x00008fa4   0x0000000c   Code   RO         1721    i.wtdat2fio2pin0    t6963.o
    0x00008fb0   0x0000002c   Data   RO           10    .constdata          main.o
    0x00008fdc   0x00002806   Data   RO          201    .constdata          lcd.o
    0x0000b7e2   0x00000108   Data   RO         1093    .constdata          os_core.o
    0x0000b8ea   0x00000002   PAD
    0x0000b8ec   0x00000024   Data   RO         2726    .constdata          rs232.o
    0x0000b910   0x00001292   Data   RO         4145    .constdata          qr_encode.o
    0x0000cba2   0x00000002   PAD
    0x0000cba4   0x00000040   Data   RO         5413    Region$$Table       anon$$obj.o


    Execution Region RW_IRAM1 (Base: 0x10000000, Size: 0x0000b064, Max: 0x00010000, ABSOLUTE, COMPRESSED[0x00000328])

    Base Addr    Size         Type   Attr      Idx    E Section Name        Object

    0x10000000   0x00000024   Data   RW           11    .data               main.o
    0x10000024   0x00000002   Data   RW          202    .data               lcd.o
    0x10000026   0x00000002   PAD
    0x10000028   0x0000004c   Data   RW         1094    .data               os_core.o
    0x10000074   0x000005f0   Data   RW         1722    .data               t6963.o
    0x10000664   0x0000003c   Data   RW         1980    .data               w5100.o
    0x100006a0   0x00000010   Data   RW         2340    .data               pcf8563.o
    0x100006b0   0x0000001c   Data   RW         2727    .data               rs232.o
    0x100006cc   0x0000000d   Data   RW         2874    .data               uart1.o
    0x100006d9   0x00000003   PAD
    0x100006dc   0x00000140   Data   RW         4146    .data               qr_encode.o
    0x1000081c   0x00006000   Zero   RW            9    .bss                main.o
    0x1000681c   0x00000610   Zero   RW         2725    .bss                rs232.o
    0x10006e2c   0x00004238   Zero   RW         4144    .bss                qr_encode.o


    Execution Region RW_IRAM2 (Base: 0x20000000, Size: 0x00003068, Max: 0x00008000, ABSOLUTE)

    Base Addr    Size         Type   Attr      Idx    E Section Name        Object

    0x20000000   0x00000008   Data   RW          310    .data               global.o
    0x20000008   0x00000016   Data   RW          353    .data               hardware_interface.o
    0x2000001e   0x00000033   Data   RW          518    .data               ethernet.o
    0x20000051   0x00000003   PAD
    0x20000054   0x00000004   Data   RW         1598    .data               os_cpu_c.o
    0x20000058   0x00000002   Data   RW         2256    .data               socket.o
    0x2000005a   0x00000002   PAD
    0x2000005c   0x00000010   Data   RW         3781    .data               system_lpc177x_8x.o
    0x2000006c   0x00000108   Zero   RW          309    .bss                global.o
    0x20000174   0x00000878   Zero   RW          517    .bss                ethernet.o
    0x200009ec   0x00000bd9   Zero   RW          819    .bss                ptl104.o
    0x200015c5   0x00000003   PAD
    0x200015c8   0x000014b8   Zero   RW         1092    .bss                os_core.o
    0x20002a80   0x000003e8   Zero   RW         2873    .bss                uart1.o
    0x20002e68   0x00000200   Zero   RW         3813    STACK               startup_lpc177x_8x.o


==============================================================================

Image component sizes


      Code (inc. data)   RO Data    RW Data    ZI Data      Debug   Object Name

       304         52          0          0          0       2632   charge_station_deal.o
       488          0          0          0          0       2083   dl645a.o
      2470        256          0         51       2168      14232   ethernet.o
       144          8          0          0          0       1299   fm1702.o
       396         14          0          0          0       1967   fram.o
       518         66          0          8        264      10162   global.o
       958        150          0         22          0      43085   hardware_interface.o
       636         62          0          0          0       1099   it_isr.o
      2346        244      10246          2          0      10919   lcd.o
       166         10          0          0          0       2947   lpc177x_8x_gpio.o
       582         60          0          0          0       3010   lpc_adc.o
       892        198         44         36      24576      49651   main.o
      1412        312        264         76       5304      12767   os_core.o
       244         42          0          0          0        284   os_cpu_a.o
       302         20          0          4          0      27396   os_cpu_c.o
        52         10          0          0          0        470   os_flag.o
        68          8          0          0          0        425   os_mem.o
        48         10          0          0          0        443   os_q.o
       348         26          0          0          0       1977   os_task.o
        96         14          0          0          0        448   os_time.o
       772          0          0         16          0       4144   pcf8563.o
      2960        128          0          0       3033      10480   ptl104.o
      6946        274       4754        320      16952      19526   qr_encode.o
       696         30          0          0          0       1066   relay.o
      2830        210         36         28       1552      24847   rs232.o
       446         44          0          0          0      18347   rtc.o
       748          4          0          2          0       4813   socket.o
        40         12        228          0        512        896   startup_lpc177x_8x.o
       232         60          0         16          0        765   system_lpc177x_8x.o
      2744         46          0       1520          0      16722   t6963.o
      1622        218          0         13       1000      11010   uart1.o
      2314        108          0         60          0      18827   w5100.o

    ----------------------------------------------------------------------
     34862       2696      15640       2184      55364     318739   Object Totals
         0          0         64          0          0          0   (incl. Generated)
        42          0          4         10          3          0   (incl. Padding)

    ----------------------------------------------------------------------

      Code (inc. data)   RO Data    RW Data    ZI Data      Debug   Library Member Name

        92          0          0          0          0          0   __dczerorl2.o
         0          0          0          0          0          0   entry.o
         0          0          0          0          0          0   entry10a.o
         0          0          0          0          0          0   entry11a.o
         8          4          0          0          0          0   entry2.o
         4          0          0          0          0          0   entry5.o
         0          0          0          0          0          0   entry7b.o
         0          0          0          0          0          0   entry8b.o
         8          4          0          0          0          0   entry9a.o
        30          0          0          0          0          0   handlers.o
        36          8          0          0          0         68   init.o
         0          0          0          0          0          0   iusefp.o
        66          0          0          0          0         76   memmove.o
        36          0          0          0          0        108   memseta.o
       892         12          0          0          0        420   printf6.o
        14          0          0          0          0         68   strlen.o
        44          0          0          0          0         80   uidiv.o
       176          0          0          0          0        140   fadd.o
       128          0          0          0          0         88   fdiv.o
       108          0          0          0          0        168   fepilogue.o
        40          0          0          0          0         68   ffixui.o
        10          0          0          0          0         68   ffltui.o

    ----------------------------------------------------------------------
      1694         28          0          0          0       1352   Library Totals
         2          0          0          0          0          0   (incl. Padding)

    ----------------------------------------------------------------------

      Code (inc. data)   RO Data    RW Data    ZI Data      Debug   Library Name

      1230         28          0          0          0        820   mc_w.l
       462          0          0          0          0        532   mf_w.l

    ----------------------------------------------------------------------
      1694         28          0          0          0       1352   Library Totals

    ----------------------------------------------------------------------

==============================================================================


      Code (inc. data)   RO Data    RW Data    ZI Data      Debug   

     36556       2724      15640       2184      55364     306051   Grand Totals
     36556       2724      15640        916      55364     306051   ELF Image Totals (compressed)
     36556       2724      15640        916          0          0   ROM Totals

==============================================================================

    Total RO  Size (Code + RO Data)                52196 (  50.97kB)
    Total RW  Size (RW Data + ZI Data)             57548 (  56.20kB)
    Total ROM Size (Code + RO Data + RW Data)      53112 (  51.87kB)

==============================================================================

